Archive member included to satisfy reference by file (symbol)

C:\Users\minec\AppData\Local\arduino\sketches\CBAA8D2BDA3D583126B4F168E555FB8A/..\..\cores\69cc2d20a9c0859fc6838a3a84e0426a\core.a(delay.c.o)
                              C:\Users\minec\AppData\Local\arduino\sketches\CBAA8D2BDA3D583126B4F168E555FB8A\sketch\BlinkLEDs.ino.cpp.o (delay)
C:\Users\minec\AppData\Local\arduino\sketches\CBAA8D2BDA3D583126B4F168E555FB8A/..\..\cores\69cc2d20a9c0859fc6838a3a84e0426a\core.a(tasks.c.o)
                              C:\Users\minec\AppData\Local\arduino\sketches\CBAA8D2BDA3D583126B4F168E555FB8A/..\..\cores\69cc2d20a9c0859fc6838a3a84e0426a\core.a(delay.c.o) (xTaskGetTickCount)
C:\Users\minec\AppData\Local\arduino\sketches\CBAA8D2BDA3D583126B4F168E555FB8A/..\..\cores\69cc2d20a9c0859fc6838a3a84e0426a\core.a(timers.c.o)
                              C:\Users\minec\AppData\Local\arduino\sketches\CBAA8D2BDA3D583126B4F168E555FB8A/..\..\cores\69cc2d20a9c0859fc6838a3a84e0426a\core.a(tasks.c.o) (xTimerCreateTimerTask)
C:\Users\minec\AppData\Local\arduino\sketches\CBAA8D2BDA3D583126B4F168E555FB8A/..\..\cores\69cc2d20a9c0859fc6838a3a84e0426a\core.a(main.cpp.o)
                              c:/users/minec/appdata/local/arduino15/packages/n-able-arduino/tools/gcc-arm-none-eabi/10.3.1-2.1/bin/../lib/gcc/arm-none-eabi/10.3.1/../../../../arm-none-eabi/lib/thumb/v7e-m/nofp/crt0.o (main)
C:\Users\minec\AppData\Local\arduino\sketches\CBAA8D2BDA3D583126B4F168E555FB8A/..\..\cores\69cc2d20a9c0859fc6838a3a84e0426a\core.a(gcc_startup_nrf52810.S.o)
                              (Reset_Handler)
C:\Users\minec\AppData\Local\arduino\sketches\CBAA8D2BDA3D583126B4F168E555FB8A/..\..\cores\69cc2d20a9c0859fc6838a3a84e0426a\core.a(system_nrf52810.c.o)
                              C:\Users\minec\AppData\Local\arduino\sketches\CBAA8D2BDA3D583126B4F168E555FB8A/..\..\cores\69cc2d20a9c0859fc6838a3a84e0426a\core.a(gcc_startup_nrf52810.S.o) (SystemInit)
C:\Users\minec\AppData\Local\arduino\sketches\CBAA8D2BDA3D583126B4F168E555FB8A/..\..\cores\69cc2d20a9c0859fc6838a3a84e0426a\core.a(rtos.cpp.o)
                              C:\Users\minec\AppData\Local\arduino\sketches\CBAA8D2BDA3D583126B4F168E555FB8A/..\..\cores\69cc2d20a9c0859fc6838a3a84e0426a\core.a(tasks.c.o) (vApplicationStackOverflowHook)
C:\Users\minec\AppData\Local\arduino\sketches\CBAA8D2BDA3D583126B4F168E555FB8A/..\..\cores\69cc2d20a9c0859fc6838a3a84e0426a\core.a(debug_utils.cpp.o)
                              C:\Users\minec\AppData\Local\arduino\sketches\CBAA8D2BDA3D583126B4F168E555FB8A/..\..\cores\69cc2d20a9c0859fc6838a3a84e0426a\core.a(rtos.cpp.o) (dump_call_stack())
C:\Users\minec\AppData\Local\arduino\sketches\CBAA8D2BDA3D583126B4F168E555FB8A/..\..\cores\69cc2d20a9c0859fc6838a3a84e0426a\core.a(wiring.c.o)
                              C:\Users\minec\AppData\Local\arduino\sketches\CBAA8D2BDA3D583126B4F168E555FB8A/..\..\cores\69cc2d20a9c0859fc6838a3a84e0426a\core.a(main.cpp.o) (init)
C:\Users\minec\AppData\Local\arduino\sketches\CBAA8D2BDA3D583126B4F168E555FB8A/..\..\cores\69cc2d20a9c0859fc6838a3a84e0426a\core.a(wiring_digital.c.o)
                              C:\Users\minec\AppData\Local\arduino\sketches\CBAA8D2BDA3D583126B4F168E555FB8A\sketch\BlinkLEDs.ino.cpp.o (pinMode)
C:\Users\minec\AppData\Local\arduino\sketches\CBAA8D2BDA3D583126B4F168E555FB8A/..\..\cores\69cc2d20a9c0859fc6838a3a84e0426a\core.a(Print.cpp.o)
                              C:\Users\minec\AppData\Local\arduino\sketches\CBAA8D2BDA3D583126B4F168E555FB8A/..\..\cores\69cc2d20a9c0859fc6838a3a84e0426a\core.a(debug_utils.cpp.o) (Print::println(char const*))
C:\Users\minec\AppData\Local\arduino\sketches\CBAA8D2BDA3D583126B4F168E555FB8A/..\..\cores\69cc2d20a9c0859fc6838a3a84e0426a\core.a(Uart.cpp.o)
                              C:\Users\minec\AppData\Local\arduino\sketches\CBAA8D2BDA3D583126B4F168E555FB8A/..\..\cores\69cc2d20a9c0859fc6838a3a84e0426a\core.a(debug_utils.cpp.o) (Uart::operator bool())
C:\Users\minec\AppData\Local\arduino\sketches\CBAA8D2BDA3D583126B4F168E555FB8A/..\..\cores\69cc2d20a9c0859fc6838a3a84e0426a\core.a(heap_4.c.o)
                              C:\Users\minec\AppData\Local\arduino\sketches\CBAA8D2BDA3D583126B4F168E555FB8A/..\..\cores\69cc2d20a9c0859fc6838a3a84e0426a\core.a(tasks.c.o) (pvPortMalloc)
C:\Users\minec\AppData\Local\arduino\sketches\CBAA8D2BDA3D583126B4F168E555FB8A/..\..\cores\69cc2d20a9c0859fc6838a3a84e0426a\core.a(list.c.o)
                              C:\Users\minec\AppData\Local\arduino\sketches\CBAA8D2BDA3D583126B4F168E555FB8A/..\..\cores\69cc2d20a9c0859fc6838a3a84e0426a\core.a(tasks.c.o) (vListInitialise)
C:\Users\minec\AppData\Local\arduino\sketches\CBAA8D2BDA3D583126B4F168E555FB8A/..\..\cores\69cc2d20a9c0859fc6838a3a84e0426a\core.a(port_nrf52.c.o)
                              C:\Users\minec\AppData\Local\arduino\sketches\CBAA8D2BDA3D583126B4F168E555FB8A/..\..\cores\69cc2d20a9c0859fc6838a3a84e0426a\core.a(tasks.c.o) (pxPortInitialiseStack)
[...]
Memory Configuration

Name             Origin             Length             Attributes
FLASH            0x0000000000000000 0x000000000002c000 xr
USER_STORE       0x000000000002c000 0x0000000000002000 rw
BOND_STORE       0x000000000002e000 0x0000000000002000 rw
RAM              0x0000000020000000 0x0000000000006000 xrw
CODE_RAM         0x0000000000800000 0x0000000000006000 xrw
*default*        0x0000000000000000 0xffffffffffffffff

Linker script and memory map

LOAD c:/users/minec/appdata/local/arduino15/packages/n-able-arduino/tools/gcc-arm-none-eabi/10.3.1-2.1/bin/../lib/gcc/arm-none-eabi/10.3.1/thumb/v7e-m/nofp/crti.o
LOAD c:/users/minec/appdata/local/arduino15/packages/n-able-arduino/tools/gcc-arm-none-eabi/10.3.1-2.1/bin/../lib/gcc/arm-none-eabi/10.3.1/thumb/v7e-m/nofp/crtbegin.o
LOAD c:/users/minec/appdata/local/arduino15/packages/n-able-arduino/tools/gcc-arm-none-eabi/10.3.1-2.1/bin/../lib/gcc/arm-none-eabi/10.3.1/../../../../arm-none-eabi/lib/thumb/v7e-m/nofp/crt0.o
LOAD C:\Users\minec\AppData\Local\arduino\sketches\CBAA8D2BDA3D583126B4F168E555FB8A\sketch\BlinkLEDs.ino.cpp.o
LOAD C:\Users\minec\AppData\Local\arduino\sketches\CBAA8D2BDA3D583126B4F168E555FB8A\core\variant.cpp.o
START GROUP
LOAD C:\Users\minec\AppData\Local\arduino\sketches\CBAA8D2BDA3D583126B4F168E555FB8A/..\..\cores\69cc2d20a9c0859fc6838a3a84e0426a\core.a
END GROUP
LOAD c:/users/minec/appdata/local/arduino15/packages/n-able-arduino/tools/gcc-arm-none-eabi/10.3.1-2.1/bin/../lib/gcc/arm-none-eabi/10.3.1/../../../../arm-none-eabi/lib/thumb/v7e-m/nofp\libstdc++_nano.a
LOAD c:/users/minec/appdata/local/arduino15/packages/n-able-arduino/tools/gcc-arm-none-eabi/10.3.1-2.1/bin/../lib/gcc/arm-none-eabi/10.3.1/../../../../arm-none-eabi/lib/thumb/v7e-m/nofp\libm.a
START GROUP
LOAD c:/users/minec/appdata/local/arduino15/packages/n-able-arduino/tools/gcc-arm-none-eabi/10.3.1-2.1/bin/../lib/gcc/arm-none-eabi/10.3.1/thumb/v7e-m/nofp\libgcc.a
LOAD c:/users/minec/appdata/local/arduino15/packages/n-able-arduino/tools/gcc-arm-none-eabi/10.3.1-2.1/bin/../lib/gcc/arm-none-eabi/10.3.1/../../../../arm-none-eabi/lib/thumb/v7e-m/nofp\libc_nano.a
END GROUP
START GROUP
LOAD c:/users/minec/appdata/local/arduino15/packages/n-able-arduino/tools/gcc-arm-none-eabi/10.3.1-2.1/bin/../lib/gcc/arm-none-eabi/10.3.1/thumb/v7e-m/nofp\libgcc.a
LOAD c:/users/minec/appdata/local/arduino15/packages/n-able-arduino/tools/gcc-arm-none-eabi/10.3.1-2.1/bin/../lib/gcc/arm-none-eabi/10.3.1/../../../../arm-none-eabi/lib/thumb/v7e-m/nofp\libc_nano.a
LOAD c:/users/minec/appdata/local/arduino15/packages/n-able-arduino/tools/gcc-arm-none-eabi/10.3.1-2.1/bin/../lib/gcc/arm-none-eabi/10.3.1/../../../../arm-none-eabi/lib/thumb/v7e-m/nofp\libnosys.a
END GROUP
START GROUP
LOAD c:/users/minec/appdata/local/arduino15/packages/n-able-arduino/tools/gcc-arm-none-eabi/10.3.1-2.1/bin/../lib/gcc/arm-none-eabi/10.3.1/thumb/v7e-m/nofp\libgcc.a
LOAD c:/users/minec/appdata/local/arduino15/packages/n-able-arduino/tools/gcc-arm-none-eabi/10.3.1-2.1/bin/../lib/gcc/arm-none-eabi/10.3.1/../../../../arm-none-eabi/lib/thumb/v7e-m/nofp\libc_nano.a
LOAD c:/users/minec/appdata/local/arduino15/packages/n-able-arduino/tools/gcc-arm-none-eabi/10.3.1-2.1/bin/../lib/gcc/arm-none-eabi/10.3.1/../../../../arm-none-eabi/lib/thumb/v7e-m/nofp\libnosys.a
END GROUP
LOAD c:/users/minec/appdata/local/arduino15/packages/n-able-arduino/tools/gcc-arm-none-eabi/10.3.1-2.1/bin/../lib/gcc/arm-none-eabi/10.3.1/thumb/v7e-m/nofp/crtend.o
LOAD c:/users/minec/appdata/local/arduino15/packages/n-able-arduino/tools/gcc-arm-none-eabi/10.3.1-2.1/bin/../lib/gcc/arm-none-eabi/10.3.1/thumb/v7e-m/nofp/crtn.o
START GROUP
LOAD c:/users/minec/appdata/local/arduino15/packages/n-able-arduino/tools/gcc-arm-none-eabi/10.3.1-2.1/bin/../lib/gcc/arm-none-eabi/10.3.1/thumb/v7e-m/nofp\libgcc.a
LOAD c:/users/minec/appdata/local/arduino15/packages/n-able-arduino/tools/gcc-arm-none-eabi/10.3.1-2.1/bin/../lib/gcc/arm-none-eabi/10.3.1/../../../../arm-none-eabi/lib/thumb/v7e-m/nofp\libc.a
LOAD c:/users/minec/appdata/local/arduino15/packages/n-able-arduino/tools/gcc-arm-none-eabi/10.3.1-2.1/bin/../lib/gcc/arm-none-eabi/10.3.1/../../../../arm-none-eabi/lib/thumb/v7e-m/nofp\libnosys.a
END GROUP

.text           0x0000000000000000     0x5c58
 *(.isr_vector)
 .isr_vector    0x0000000000000000      0x200 C:\Users\minec\AppData\Local\arduino\sketches\CBAA8D2BDA3D583126B4F168E555FB8A/..\..\cores\69cc2d20a9c0859fc6838a3a84e0426a\core.a(gcc_startup_nrf52810.S.o)
                0x0000000000000000                __isr_vector
 *(.text*)
 .text.__do_global_dtors_aux
                0x0000000000000200       0x24 c:/users/minec/appdata/local/arduino15/packages/n-able-arduino/tools/gcc-arm-none-eabi/10.3.1-2.1/bin/../lib/gcc/arm-none-eabi/10.3.1/thumb/v7e-m/nofp/crtbegin.o
 .text.frame_dummy
                0x0000000000000224       0x1c c:/users/minec/appdata/local/arduino15/packages/n-able-arduino/tools/gcc-arm-none-eabi/10.3.1-2.1/bin/../lib/gcc/arm-none-eabi/10.3.1/thumb/v7e-m/nofp/crtbegin.o
 .text          0x0000000000000240       0x7c c:/users/minec/appdata/local/arduino15/packages/n-able-arduino/tools/gcc-arm-none-eabi/10.3.1-2.1/bin/../lib/gcc/arm-none-eabi/10.3.1/../../../../arm-none-eabi/lib/thumb/v7e-m/nofp/crt0.o
                0x0000000000000240                _stack_init
                0x0000000000000248                _start
                0x0000000000000248                _mainCRTStartup
 .text.setup    0x00000000000002bc       0x16 C:\Users\minec\AppData\Local\arduino\sketches\CBAA8D2BDA3D583126B4F168E555FB8A\sketch\BlinkLEDs.ino.cpp.o
                0x00000000000002bc                setup
 .text.loop     0x00000000000002d2       0x36 C:\Users\minec\AppData\Local\arduino\sketches\CBAA8D2BDA3D583126B4F168E555FB8A\sketch\BlinkLEDs.ino.cpp.o
                0x00000000000002d2                loop
 .text.yield    0x0000000000000308       0x18 C:\Users\minec\AppData\Local\arduino\sketches\CBAA8D2BDA3D583126B4F168E555FB8A/..\..\cores\69cc2d20a9c0859fc6838a3a84e0426a\core.a(delay.c.o)
                0x0000000000000308                yield
 .text.delay    0x0000000000000320        0xe C:\Users\minec\AppData\Local\arduino\sketches\CBAA8D2BDA3D583126B4F168E555FB8A/..\..\cores\69cc2d20a9c0859fc6838a3a84e0426a\core.a(delay.c.o)
                0x0000000000000320                delay
 *fill*         0x000000000000032e        0x2 
 .text.prvAddNewTaskToReadyList
                0x0000000000000330      0x100 C:\Users\minec\AppData\Local\arduino\sketches\CBAA8D2BDA3D583126B4F168E555FB8A/..\..\cores\69cc2d20a9c0859fc6838a3a84e0426a\core.a(tasks.c.o)
 .text.prvAddCurrentTaskToDelayedList
                0x0000000000000430       0x88 C:\Users\minec\AppData\Local\arduino\sketches\CBAA8D2BDA3D583126B4F168E555FB8A/..\..\cores\69cc2d20a9c0859fc6838a3a84e0426a\core.a(tasks.c.o)
 .text.prvGetExpectedIdleTime
                0x00000000000004b8       0x3c C:\Users\minec\AppData\Local\arduino\sketches\CBAA8D2BDA3D583126B4F168E555FB8A/..\..\cores\69cc2d20a9c0859fc6838a3a84e0426a\core.a(tasks.c.o)
 .text.prvResetNextTaskUnblockTime
                0x00000000000004f4       0x24 C:\Users\minec\AppData\Local\arduino\sketches\CBAA8D2BDA3D583126B4F168E555FB8A/..\..\cores\69cc2d20a9c0859fc6838a3a84e0426a\core.a(tasks.c.o)
 .text.prvDeleteTCB
                0x0000000000000518       0x20 C:\Users\minec\AppData\Local\arduino\sketches\CBAA8D2BDA3D583126B4F168E555FB8A/..\..\cores\69cc2d20a9c0859fc6838a3a84e0426a\core.a(tasks.c.o)
 .text.prvInitialiseNewTask.constprop.0
                0x0000000000000538       0xa2 C:\Users\minec\AppData\Local\arduino\sketches\CBAA8D2BDA3D583126B4F168E555FB8A/..\..\cores\69cc2d20a9c0859fc6838a3a84e0426a\core.a(tasks.c.o)
 .text.xTaskCreateStatic
                0x00000000000005da       0x34 C:\Users\minec\AppData\Local\arduino\sketches\CBAA8D2BDA3D583126B4F168E555FB8A/..\..\cores\69cc2d20a9c0859fc6838a3a84e0426a\core.a(tasks.c.o)
                0x00000000000005da                xTaskCreateStatic
 *fill*         0x000000000000060e        0x2 
 .text.vTaskStartScheduler
                0x0000000000000610       0x74 C:\Users\minec\AppData\Local\arduino\sketches\CBAA8D2BDA3D583126B4F168E555FB8A/..\..\cores\69cc2d20a9c0859fc6838a3a84e0426a\core.a(tasks.c.o)
                0x0000000000000610                vTaskStartScheduler
 .text.vTaskSuspendAll
                0x0000000000000684       0x10 C:\Users\minec\AppData\Local\arduino\sketches\CBAA8D2BDA3D583126B4F168E555FB8A/..\..\cores\69cc2d20a9c0859fc6838a3a84e0426a\core.a(tasks.c.o)
                0x0000000000000684                vTaskSuspendAll
 .text.xTaskGetTickCount
                0x0000000000000694        0xc C:\Users\minec\AppData\Local\arduino\sketches\CBAA8D2BDA3D583126B4F168E555FB8A/..\..\cores\69cc2d20a9c0859fc6838a3a84e0426a\core.a(tasks.c.o)
                0x0000000000000694                xTaskGetTickCount
 .text.vTaskStepTick
                0x00000000000006a0       0x10 C:\Users\minec\AppData\Local\arduino\sketches\CBAA8D2BDA3D583126B4F168E555FB8A/..\..\cores\69cc2d20a9c0859fc6838a3a84e0426a\core.a(tasks.c.o)
                0x00000000000006a0                vTaskStepTick
 .text.xTaskIncrementTick
                0x00000000000006b0       0xf0 C:\Users\minec\AppData\Local\arduino\sketches\CBAA8D2BDA3D583126B4F168E555FB8A/..\..\cores\69cc2d20a9c0859fc6838a3a84e0426a\core.a(tasks.c.o)
                0x00000000000006b0                xTaskIncrementTick
 .text.xTaskResumeAll
                0x00000000000007a0       0xd8 C:\Users\minec\AppData\Local\arduino\sketches\CBAA8D2BDA3D583126B4F168E555FB8A/..\..\cores\69cc2d20a9c0859fc6838a3a84e0426a\core.a(tasks.c.o)
                0x00000000000007a0                xTaskResumeAll
 .text.vTaskDelay
                0x0000000000000878       0x30 C:\Users\minec\AppData\Local\arduino\sketches\CBAA8D2BDA3D583126B4F168E555FB8A/..\..\cores\69cc2d20a9c0859fc6838a3a84e0426a\core.a(tasks.c.o)
                0x0000000000000878                vTaskDelay
 .text.prvIdleTask
                0x00000000000008a8       0x84 C:\Users\minec\AppData\Local\arduino\sketches\CBAA8D2BDA3D583126B4F168E555FB8A/..\..\cores\69cc2d20a9c0859fc6838a3a84e0426a\core.a(tasks.c.o)
 .text.vTaskSwitchContext
                0x000000000000092c       0x8c C:\Users\minec\AppData\Local\arduino\sketches\CBAA8D2BDA3D583126B4F168E555FB8A/..\..\cores\69cc2d20a9c0859fc6838a3a84e0426a\core.a(tasks.c.o)
                0x000000000000092c                vTaskSwitchContext
 .text.vTaskPlaceOnEventList
                0x00000000000009b8       0x20 C:\Users\minec\AppData\Local\arduino\sketches\CBAA8D2BDA3D583126B4F168E555FB8A/..\..\cores\69cc2d20a9c0859fc6838a3a84e0426a\core.a(tasks.c.o)
                0x00000000000009b8                vTaskPlaceOnEventList
 .text.vTaskPlaceOnEventListRestricted
                0x00000000000009d8       0x28 C:\Users\minec\AppData\Local\arduino\sketches\CBAA8D2BDA3D583126B4F168E555FB8A/..\..\cores\69cc2d20a9c0859fc6838a3a84e0426a\core.a(tasks.c.o)
                0x00000000000009d8                vTaskPlaceOnEventListRestricted
 .text.xTaskRemoveFromEventList
                0x0000000000000a00       0x78 C:\Users\minec\AppData\Local\arduino\sketches\CBAA8D2BDA3D583126B4F168E555FB8A/..\..\cores\69cc2d20a9c0859fc6838a3a84e0426a\core.a(tasks.c.o)
                0x0000000000000a00                xTaskRemoveFromEventList
 .text.vTaskInternalSetTimeOutState
                0x0000000000000a78       0x18 C:\Users\minec\AppData\Local\arduino\sketches\CBAA8D2BDA3D583126B4F168E555FB8A/..\..\cores\69cc2d20a9c0859fc6838a3a84e0426a\core.a(tasks.c.o)
                0x0000000000000a78                vTaskInternalSetTimeOutState
 .text.xTaskCheckForTimeOut
                0x0000000000000a90       0x50 C:\Users\minec\AppData\Local\arduino\sketches\CBAA8D2BDA3D583126B4F168E555FB8A/..\..\cores\69cc2d20a9c0859fc6838a3a84e0426a\core.a(tasks.c.o)
                0x0000000000000a90                xTaskCheckForTimeOut
 .text.vTaskMissedYield
                0x0000000000000ae0        0xc C:\Users\minec\AppData\Local\arduino\sketches\CBAA8D2BDA3D583126B4F168E555FB8A/..\..\cores\69cc2d20a9c0859fc6838a3a84e0426a\core.a(tasks.c.o)
                0x0000000000000ae0                vTaskMissedYield
 .text.eTaskConfirmSleepModeStatus
                0x0000000000000aec       0x44 C:\Users\minec\AppData\Local\arduino\sketches\CBAA8D2BDA3D583126B4F168E555FB8A/..\..\cores\69cc2d20a9c0859fc6838a3a84e0426a\core.a(tasks.c.o)
                0x0000000000000aec                eTaskConfirmSleepModeStatus
 .text.vTaskSetThreadLocalStoragePointer
                0x0000000000000b30       0x18 C:\Users\minec\AppData\Local\arduino\sketches\CBAA8D2BDA3D583126B4F168E555FB8A/..\..\cores\69cc2d20a9c0859fc6838a3a84e0426a\core.a(tasks.c.o)
                0x0000000000000b30                vTaskSetThreadLocalStoragePointer
 .text.pvTaskGetThreadLocalStoragePointer
                0x0000000000000b48       0x1c C:\Users\minec\AppData\Local\arduino\sketches\CBAA8D2BDA3D583126B4F168E555FB8A/..\..\cores\69cc2d20a9c0859fc6838a3a84e0426a\core.a(tasks.c.o)
                0x0000000000000b48                pvTaskGetThreadLocalStoragePointer
 .text.xTaskGetSchedulerState
                0x0000000000000b64       0x20 C:\Users\minec\AppData\Local\arduino\sketches\CBAA8D2BDA3D583126B4F168E555FB8A/..\..\cores\69cc2d20a9c0859fc6838a3a84e0426a\core.a(tasks.c.o)
                0x0000000000000b64                xTaskGetSchedulerState
 .text.xTaskPriorityDisinherit
                0x0000000000000b84       0x68 C:\Users\minec\AppData\Local\arduino\sketches\CBAA8D2BDA3D583126B4F168E555FB8A/..\..\cores\69cc2d20a9c0859fc6838a3a84e0426a\core.a(tasks.c.o)
                0x0000000000000b84                xTaskPriorityDisinherit
 .text.ulGetCurrentStackLowAddress
                0x0000000000000bec       0x10 C:\Users\minec\AppData\Local\arduino\sketches\CBAA8D2BDA3D583126B4F168E555FB8A/..\..\cores\69cc2d20a9c0859fc6838a3a84e0426a\core.a(tasks.c.o)
                0x0000000000000bec                ulGetCurrentStackLowAddress
 .text.ulGetCurrentStackHighAddress
                0x0000000000000bfc       0x10 C:\Users\minec\AppData\Local\arduino\sketches\CBAA8D2BDA3D583126B4F168E555FB8A/..\..\cores\69cc2d20a9c0859fc6838a3a84e0426a\core.a(tasks.c.o)
                0x0000000000000bfc                ulGetCurrentStackHighAddress
 .text.prvCheckForValidListAndQueue
                0x0000000000000c0c       0x5c C:\Users\minec\AppData\Local\arduino\sketches\CBAA8D2BDA3D583126B4F168E555FB8A/..\..\cores\69cc2d20a9c0859fc6838a3a84e0426a\core.a(timers.c.o)
 .text.prvInsertTimerInActiveList
                0x0000000000000c68       0x3c C:\Users\minec\AppData\Local\arduino\sketches\CBAA8D2BDA3D583126B4F168E555FB8A/..\..\cores\69cc2d20a9c0859fc6838a3a84e0426a\core.a(timers.c.o)
 .text.xTimerCreateTimerTask
                0x0000000000000ca4       0x54 C:\Users\minec\AppData\Local\arduino\sketches\CBAA8D2BDA3D583126B4F168E555FB8A/..\..\cores\69cc2d20a9c0859fc6838a3a84e0426a\core.a(timers.c.o)
                0x0000000000000ca4                xTimerCreateTimerTask
 .text.xTimerGenericCommand
                0x0000000000000cf8       0x44 C:\Users\minec\AppData\Local\arduino\sketches\CBAA8D2BDA3D583126B4F168E555FB8A/..\..\cores\69cc2d20a9c0859fc6838a3a84e0426a\core.a(timers.c.o)
                0x0000000000000cf8                xTimerGenericCommand
 .text.prvSampleTimeNow
                0x0000000000000d3c       0x94 C:\Users\minec\AppData\Local\arduino\sketches\CBAA8D2BDA3D583126B4F168E555FB8A/..\..\cores\69cc2d20a9c0859fc6838a3a84e0426a\core.a(timers.c.o)
 .text.prvTimerTask
                0x0000000000000dd0      0x1a0 C:\Users\minec\AppData\Local\arduino\sketches\CBAA8D2BDA3D583126B4F168E555FB8A/..\..\cores\69cc2d20a9c0859fc6838a3a84e0426a\core.a(timers.c.o)
 .text._Z8loopTaskPv
                0x0000000000000f70       0x20 C:\Users\minec\AppData\Local\arduino\sketches\CBAA8D2BDA3D583126B4F168E555FB8A/..\..\cores\69cc2d20a9c0859fc6838a3a84e0426a\core.a(main.cpp.o)
                0x0000000000000f70                loopTask(void*)
 .text._Z11initVariantv
                0x0000000000000f90        0x2 C:\Users\minec\AppData\Local\arduino\sketches\CBAA8D2BDA3D583126B4F168E555FB8A/..\..\cores\69cc2d20a9c0859fc6838a3a84e0426a\core.a(main.cpp.o)
                0x0000000000000f90                initVariant()
 *fill*         0x0000000000000f92        0x2 
 .text.startup.main
                0x0000000000000f94       0x6c C:\Users\minec\AppData\Local\arduino\sketches\CBAA8D2BDA3D583126B4F168E555FB8A/..\..\cores\69cc2d20a9c0859fc6838a3a84e0426a\core.a(main.cpp.o)
                0x0000000000000f94                main
 .text          0x0000000000001000       0x80 C:\Users\minec\AppData\Local\arduino\sketches\CBAA8D2BDA3D583126B4F168E555FB8A/..\..\cores\69cc2d20a9c0859fc6838a3a84e0426a\core.a(gcc_startup_nrf52810.S.o)
                0x0000000000001000                Reset_Handler
                0x000000000000106c                NMI_Handler
                0x0000000000001070                MemoryManagement_Handler
                0x0000000000001072                BusFault_Handler
                0x0000000000001074                UsageFault_Handler
                0x0000000000001078                DebugMon_Handler
                0x000000000000107c                SysTick_Handler
                0x000000000000107e                PDM_IRQHandler
                0x000000000000107e                GPIOTE_IRQHandler
                0x000000000000107e                TEMP_IRQHandler
                0x000000000000107e                QDEC_IRQHandler
                0x000000000000107e                RADIO_IRQHandler
                0x000000000000107e                RTC0_IRQHandler
                0x000000000000107e                SWI5_IRQHandler
                0x000000000000107e                TIMER0_IRQHandler
                0x000000000000107e                SWI4_IRQHandler
                0x000000000000107e                TIMER1_IRQHandler
                0x000000000000107e                ECB_IRQHandler
                0x000000000000107e                Default_Handler
                0x000000000000107e                SWI3_IRQHandler
                0x000000000000107e                SPIM0_SPIS0_SPI0_IRQHandler
                0x000000000000107e                SAADC_IRQHandler
                0x000000000000107e                CCM_AAR_IRQHandler
                0x000000000000107e                WDT_IRQHandler
                0x000000000000107e                SWI2_IRQHandler
                0x000000000000107e                RNG_IRQHandler
                0x000000000000107e                COMP_IRQHandler
                0x000000000000107e                PWM0_IRQHandler
                0x000000000000107e                SWI1_EGU1_IRQHandler
                0x000000000000107e                TWIM0_TWIS0_TWI0_IRQHandler
                0x000000000000107e                SWI0_EGU0_IRQHandler
                0x000000000000107e                TIMER2_IRQHandler
 .text.nrf52_errata_31
                0x0000000000001080       0x34 C:\Users\minec\AppData\Local\arduino\sketches\CBAA8D2BDA3D583126B4F168E555FB8A/..\..\cores\69cc2d20a9c0859fc6838a3a84e0426a\core.a(system_nrf52810.c.o)
 .text.SystemInit
                0x00000000000010b4      0x11c C:\Users\minec\AppData\Local\arduino\sketches\CBAA8D2BDA3D583126B4F168E555FB8A/..\..\cores\69cc2d20a9c0859fc6838a3a84e0426a\core.a(system_nrf52810.c.o)
                0x00000000000010b4                SystemInit
 .text.__NVIC_SystemReset
                0x00000000000011d0       0x24 C:\Users\minec\AppData\Local\arduino\sketches\CBAA8D2BDA3D583126B4F168E555FB8A/..\..\cores\69cc2d20a9c0859fc6838a3a84e0426a\core.a(rtos.cpp.o)
 .text._ZN9nableRtosD2Ev
                0x00000000000011f4        0x2 C:\Users\minec\AppData\Local\arduino\sketches\CBAA8D2BDA3D583126B4F168E555FB8A/..\..\cores\69cc2d20a9c0859fc6838a3a84e0426a\core.a(rtos.cpp.o)
                0x00000000000011f4                nableRtos::~nableRtos()
                0x00000000000011f4                nableRtos::~nableRtos()
 *fill*         0x00000000000011f6        0x2 
 .text.vApplicationStackOverflowHook
                0x00000000000011f8       0x24 C:\Users\minec\AppData\Local\arduino\sketches\CBAA8D2BDA3D583126B4F168E555FB8A/..\..\cores\69cc2d20a9c0859fc6838a3a84e0426a\core.a(rtos.cpp.o)
                0x00000000000011f8                vApplicationStackOverflowHook
 .text.vApplicationMallocFailedHook
                0x000000000000121c       0x20 C:\Users\minec\AppData\Local\arduino\sketches\CBAA8D2BDA3D583126B4F168E555FB8A/..\..\cores\69cc2d20a9c0859fc6838a3a84e0426a\core.a(rtos.cpp.o)
                0x000000000000121c                vApplicationMallocFailedHook
 .text.vApplicationIdleHook
                0x000000000000123c       0x14 C:\Users\minec\AppData\Local\arduino\sketches\CBAA8D2BDA3D583126B4F168E555FB8A/..\..\cores\69cc2d20a9c0859fc6838a3a84e0426a\core.a(rtos.cpp.o)
                0x000000000000123c                vApplicationIdleHook
 .text.startup._GLOBAL__sub_I_vApplicationStackOverflowHook
                0x0000000000001250       0x18 C:\Users\minec\AppData\Local\arduino\sketches\CBAA8D2BDA3D583126B4F168E555FB8A/..\..\cores\69cc2d20a9c0859fc6838a3a84e0426a\core.a(rtos.cpp.o)
 .text.__NVIC_SystemReset
                0x0000000000001268       0x24 C:\Users\minec\AppData\Local\arduino\sketches\CBAA8D2BDA3D583126B4F168E555FB8A/..\..\cores\69cc2d20a9c0859fc6838a3a84e0426a\core.a(debug_utils.cpp.o)
 .text._ZL11find_callermm
                0x000000000000128c       0x80 C:\Users\minec\AppData\Local\arduino\sketches\CBAA8D2BDA3D583126B4F168E555FB8A/..\..\cores\69cc2d20a9c0859fc6838a3a84e0426a\core.a(debug_utils.cpp.o)
 .text._Z15dump_call_stackv
                0x000000000000130c       0xec C:\Users\minec\AppData\Local\arduino\sketches\CBAA8D2BDA3D583126B4F168E555FB8A/..\..\cores\69cc2d20a9c0859fc6838a3a84e0426a\core.a(debug_utils.cpp.o)
                0x000000000000130c                dump_call_stack()
 .text.HardFault_Handler
                0x00000000000013f8       0x14 C:\Users\minec\AppData\Local\arduino\sketches\CBAA8D2BDA3D583126B4F168E555FB8A/..\..\cores\69cc2d20a9c0859fc6838a3a84e0426a\core.a(debug_utils.cpp.o)
                0x00000000000013f8                HardFault_Handler
 .text.Hardfault_handler_cpp
                0x000000000000140c      0x2a4 C:\Users\minec\AppData\Local\arduino\sketches\CBAA8D2BDA3D583126B4F168E555FB8A/..\..\cores\69cc2d20a9c0859fc6838a3a84e0426a\core.a(debug_utils.cpp.o)
                0x000000000000140c                Hardfault_handler_cpp
 .text.hw_clock_evt_handler
                0x00000000000016b0        0x2 C:\Users\minec\AppData\Local\arduino\sketches\CBAA8D2BDA3D583126B4F168E555FB8A/..\..\cores\69cc2d20a9c0859fc6838a3a84e0426a\core.a(wiring.c.o)
 *fill*         0x00000000000016b2        0x2 
 .text.init     0x00000000000016b4       0x54 C:\Users\minec\AppData\Local\arduino\sketches\CBAA8D2BDA3D583126B4F168E555FB8A/..\..\cores\69cc2d20a9c0859fc6838a3a84e0426a\core.a(wiring.c.o)
                0x00000000000016b4                init
 .text.pinMode  0x0000000000001708       0x50 C:\Users\minec\AppData\Local\arduino\sketches\CBAA8D2BDA3D583126B4F168E555FB8A/..\..\cores\69cc2d20a9c0859fc6838a3a84e0426a\core.a(wiring_digital.c.o)
                0x0000000000001708                pinMode
 .text.digitalWrite
                0x0000000000001758       0x24 C:\Users\minec\AppData\Local\arduino\sketches\CBAA8D2BDA3D583126B4F168E555FB8A/..\..\cores\69cc2d20a9c0859fc6838a3a84e0426a\core.a(wiring_digital.c.o)
                0x0000000000001758                digitalWrite
 .text._ZN5Print17availableForWriteEv
                0x000000000000177c        0x4 C:\Users\minec\AppData\Local\arduino\sketches\CBAA8D2BDA3D583126B4F168E555FB8A/..\..\cores\69cc2d20a9c0859fc6838a3a84e0426a\core.a(Print.cpp.o)
                0x000000000000177c                Print::availableForWrite()
 .text._ZN5Print5writeEPKhj
                0x0000000000001780       0x2a C:\Users\minec\AppData\Local\arduino\sketches\CBAA8D2BDA3D583126B4F168E555FB8A/..\..\cores\69cc2d20a9c0859fc6838a3a84e0426a\core.a(Print.cpp.o)
                0x0000000000001780                Print::write(unsigned char const*, unsigned int)
 .text._ZN5Print5writeEPKc
                0x00000000000017aa       0x20 C:\Users\minec\AppData\Local\arduino\sketches\CBAA8D2BDA3D583126B4F168E555FB8A/..\..\cores\69cc2d20a9c0859fc6838a3a84e0426a\core.a(Print.cpp.o)
                0x00000000000017aa                Print::write(char const*)
 *fill*         0x00000000000017ca        0x2 
 .text._ZN5Print7printlnEv
                0x00000000000017cc       0x10 C:\Users\minec\AppData\Local\arduino\sketches\CBAA8D2BDA3D583126B4F168E555FB8A/..\..\cores\69cc2d20a9c0859fc6838a3a84e0426a\core.a(Print.cpp.o)
                0x00000000000017cc                Print::println()
 .text._ZN5Print7printlnEPK19__FlashStringHelper
                0x00000000000017dc       0x14 C:\Users\minec\AppData\Local\arduino\sketches\CBAA8D2BDA3D583126B4F168E555FB8A/..\..\cores\69cc2d20a9c0859fc6838a3a84e0426a\core.a(Print.cpp.o)
                0x00000000000017dc                Print::println(__FlashStringHelper const*)
 .text._ZN5Print7printlnEPKc
                0x00000000000017f0        0x4 C:\Users\minec\AppData\Local\arduino\sketches\CBAA8D2BDA3D583126B4F168E555FB8A/..\..\cores\69cc2d20a9c0859fc6838a3a84e0426a\core.a(Print.cpp.o)
                0x00000000000017f0                Print::println(char const*)
 .text._ZN5Print6printfEPKcz
                0x00000000000017f4       0x1a C:\Users\minec\AppData\Local\arduino\sketches\CBAA8D2BDA3D583126B4F168E555FB8A/..\..\cores\69cc2d20a9c0859fc6838a3a84e0426a\core.a(Print.cpp.o)
                0x00000000000017f4                Print::printf(char const*, ...)
 .text._ZN4Uart5beginEm
                0x000000000000180e        0x8 C:\Users\minec\AppData\Local\arduino\sketches\CBAA8D2BDA3D583126B4F168E555FB8A/..\..\cores\69cc2d20a9c0859fc6838a3a84e0426a\core.a(Uart.cpp.o)
                0x000000000000180e                Uart::begin(unsigned long)
 .text._ZN4Uart5flushEv
                0x0000000000001816        0x2 C:\Users\minec\AppData\Local\arduino\sketches\CBAA8D2BDA3D583126B4F168E555FB8A/..\..\cores\69cc2d20a9c0859fc6838a3a84e0426a\core.a(Uart.cpp.o)
                0x0000000000001816                Uart::flush()
 .text._ZN4Uart5writeEh
                0x0000000000001818       0x1e C:\Users\minec\AppData\Local\arduino\sketches\CBAA8D2BDA3D583126B4F168E555FB8A/..\..\cores\69cc2d20a9c0859fc6838a3a84e0426a\core.a(Uart.cpp.o)
                0x0000000000001818                Uart::write(unsigned char)
 .text._ZN4UartcvbEv
                0x0000000000001836        0xe C:\Users\minec\AppData\Local\arduino\sketches\CBAA8D2BDA3D583126B4F168E555FB8A/..\..\cores\69cc2d20a9c0859fc6838a3a84e0426a\core.a(Uart.cpp.o)
                0x0000000000001836                Uart::operator bool()
 .text._ZN4UartD2Ev
                0x0000000000001844        0x2 C:\Users\minec\AppData\Local\arduino\sketches\CBAA8D2BDA3D583126B4F168E555FB8A/..\..\cores\69cc2d20a9c0859fc6838a3a84e0426a\core.a(Uart.cpp.o)
                0x0000000000001844                Uart::~Uart()
                0x0000000000001844                Uart::~Uart()
 *fill*         0x0000000000001846        0x2 
 .text._ZN4Uart3endEv
                0x0000000000001848       0x58 C:\Users\minec\AppData\Local\arduino\sketches\CBAA8D2BDA3D583126B4F168E555FB8A/..\..\cores\69cc2d20a9c0859fc6838a3a84e0426a\core.a(Uart.cpp.o)
                0x0000000000001848                Uart::end()
 .text._ZN4Uart9availableEv
                0x00000000000018a0        0x6 C:\Users\minec\AppData\Local\arduino\sketches\CBAA8D2BDA3D583126B4F168E555FB8A/..\..\cores\69cc2d20a9c0859fc6838a3a84e0426a\core.a(Uart.cpp.o)
                0x00000000000018a0                Uart::available()
 .text._ZN4Uart4peekEv
                0x00000000000018a6        0x6 C:\Users\minec\AppData\Local\arduino\sketches\CBAA8D2BDA3D583126B4F168E555FB8A/..\..\cores\69cc2d20a9c0859fc6838a3a84e0426a\core.a(Uart.cpp.o)
                0x00000000000018a6                Uart::peek()
 .text._ZN4Uart4readEv
                0x00000000000018ac        0x6 C:\Users\minec\AppData\Local\arduino\sketches\CBAA8D2BDA3D583126B4F168E555FB8A/..\..\cores\69cc2d20a9c0859fc6838a3a84e0426a\core.a(Uart.cpp.o)
                0x00000000000018ac                Uart::read()
 .text._ZN4UartD0Ev
                0x00000000000018b2        0xe C:\Users\minec\AppData\Local\arduino\sketches\CBAA8D2BDA3D583126B4F168E555FB8A/..\..\cores\69cc2d20a9c0859fc6838a3a84e0426a\core.a(Uart.cpp.o)
                0x00000000000018b2                Uart::~Uart()
 .text._ZN4Uart5beginEmt
                0x00000000000018c0      0x174 C:\Users\minec\AppData\Local\arduino\sketches\CBAA8D2BDA3D583126B4F168E555FB8A/..\..\cores\69cc2d20a9c0859fc6838a3a84e0426a\core.a(Uart.cpp.o)
                0x00000000000018c0                Uart::begin(unsigned long, unsigned short)
 .text._Z14serialEventRunv
                0x0000000000001a34       0x1c C:\Users\minec\AppData\Local\arduino\sketches\CBAA8D2BDA3D583126B4F168E555FB8A/..\..\cores\69cc2d20a9c0859fc6838a3a84e0426a\core.a(Uart.cpp.o)
                0x0000000000001a34                serialEventRun()
 .text._ZN4UartC2EP13NRF_UART_Type9IRQn_Typehh
                0x0000000000001a50       0x54 C:\Users\minec\AppData\Local\arduino\sketches\CBAA8D2BDA3D583126B4F168E555FB8A/..\..\cores\69cc2d20a9c0859fc6838a3a84e0426a\core.a(Uart.cpp.o)
                0x0000000000001a50                Uart::Uart(NRF_UART_Type*, IRQn_Type, unsigned char, unsigned char)
                0x0000000000001a50                Uart::Uart(NRF_UART_Type*, IRQn_Type, unsigned char, unsigned char)
 .text._ZN4Uart10IrqHandlerEv
                0x0000000000001aa4       0x22 C:\Users\minec\AppData\Local\arduino\sketches\CBAA8D2BDA3D583126B4F168E555FB8A/..\..\cores\69cc2d20a9c0859fc6838a3a84e0426a\core.a(Uart.cpp.o)
                0x0000000000001aa4                Uart::IrqHandler()
 *fill*         0x0000000000001ac6        0x2 
 .text.UARTE0_UART0_IRQHandler
                0x0000000000001ac8        0xc C:\Users\minec\AppData\Local\arduino\sketches\CBAA8D2BDA3D583126B4F168E555FB8A/..\..\cores\69cc2d20a9c0859fc6838a3a84e0426a\core.a(Uart.cpp.o)
                0x0000000000001ac8                UARTE0_UART0_IRQHandler
 .text.startup._GLOBAL__sub_I__ZN4UartC2EP13NRF_UART_Type9IRQn_Typehh
                0x0000000000001ad4       0x34 C:\Users\minec\AppData\Local\arduino\sketches\CBAA8D2BDA3D583126B4F168E555FB8A/..\..\cores\69cc2d20a9c0859fc6838a3a84e0426a\core.a(Uart.cpp.o)
 .text.prvInsertBlockIntoFreeList
                0x0000000000001b08       0x48 C:\Users\minec\AppData\Local\arduino\sketches\CBAA8D2BDA3D583126B4F168E555FB8A/..\..\cores\69cc2d20a9c0859fc6838a3a84e0426a\core.a(heap_4.c.o)
 .text.pvPortMalloc
                0x0000000000001b50      0x10c C:\Users\minec\AppData\Local\arduino\sketches\CBAA8D2BDA3D583126B4F168E555FB8A/..\..\cores\69cc2d20a9c0859fc6838a3a84e0426a\core.a(heap_4.c.o)
                0x0000000000001b50                pvPortMalloc
 .text.vPortFree
                0x0000000000001c5c       0x58 C:\Users\minec\AppData\Local\arduino\sketches\CBAA8D2BDA3D583126B4F168E555FB8A/..\..\cores\69cc2d20a9c0859fc6838a3a84e0426a\core.a(heap_4.c.o)
                0x0000000000001c5c                vPortFree
 .text.vListInitialise
                0x0000000000001cb4       0x16 C:\Users\minec\AppData\Local\arduino\sketches\CBAA8D2BDA3D583126B4F168E555FB8A/..\..\cores\69cc2d20a9c0859fc6838a3a84e0426a\core.a(list.c.o)
                0x0000000000001cb4                vListInitialise
 .text.vListInitialiseItem
                0x0000000000001cca        0x6 C:\Users\minec\AppData\Local\arduino\sketches\CBAA8D2BDA3D583126B4F168E555FB8A/..\..\cores\69cc2d20a9c0859fc6838a3a84e0426a\core.a(list.c.o)
                0x0000000000001cca                vListInitialiseItem
 .text.vListInsertEnd
                0x0000000000001cd0       0x18 C:\Users\minec\AppData\Local\arduino\sketches\CBAA8D2BDA3D583126B4F168E555FB8A/..\..\cores\69cc2d20a9c0859fc6838a3a84e0426a\core.a(list.c.o)
                0x0000000000001cd0                vListInsertEnd
 .text.vListInsert
                0x0000000000001ce8       0x2e C:\Users\minec\AppData\Local\arduino\sketches\CBAA8D2BDA3D583126B4F168E555FB8A/..\..\cores\69cc2d20a9c0859fc6838a3a84e0426a\core.a(list.c.o)
                0x0000000000001ce8                vListInsert
 .text.uxListRemove
                0x0000000000001d16       0x20 C:\Users\minec\AppData\Local\arduino\sketches\CBAA8D2BDA3D583126B4F168E555FB8A/..\..\cores\69cc2d20a9c0859fc6838a3a84e0426a\core.a(list.c.o)
                0x0000000000001d16                uxListRemove
 .text.prvTaskExitError
                0x0000000000001d36        0x4 C:\Users\minec\AppData\Local\arduino\sketches\CBAA8D2BDA3D583126B4F168E555FB8A/..\..\cores\69cc2d20a9c0859fc6838a3a84e0426a\core.a(port_nrf52.c.o)
 *fill*         0x0000000000001d3a        0x2 
 .text.pxPortInitialiseStack
                0x0000000000001d3c       0x24 C:\Users\minec\AppData\Local\arduino\sketches\CBAA8D2BDA3D583126B4F168E555FB8A/..\..\cores\69cc2d20a9c0859fc6838a3a84e0426a\core.a(port_nrf52.c.o)
                0x0000000000001d3c                pxPortInitialiseStack
 .text.xPortStartScheduler
                0x0000000000001d60       0x38 C:\Users\minec\AppData\Local\arduino\sketches\CBAA8D2BDA3D583126B4F168E555FB8A/..\..\cores\69cc2d20a9c0859fc6838a3a84e0426a\core.a(port_nrf52.c.o)
                0x0000000000001d60                xPortStartScheduler
 .text.vPortEnterCritical
                0x0000000000001d98       0x10 C:\Users\minec\AppData\Local\arduino\sketches\CBAA8D2BDA3D583126B4F168E555FB8A/..\..\cores\69cc2d20a9c0859fc6838a3a84e0426a\core.a(port_nrf52.c.o)
                0x0000000000001d98                vPortEnterCritical
 .text.vPortExitCritical
                0x0000000000001da8       0x14 C:\Users\minec\AppData\Local\arduino\sketches\CBAA8D2BDA3D583126B4F168E555FB8A/..\..\cores\69cc2d20a9c0859fc6838a3a84e0426a\core.a(port_nrf52.c.o)
                0x0000000000001da8                vPortExitCritical
 .text.ulSetInterruptMaskFromISR
                0x0000000000001dbc        0x8 C:\Users\minec\AppData\Local\arduino\sketches\CBAA8D2BDA3D583126B4F168E555FB8A/..\..\cores\69cc2d20a9c0859fc6838a3a84e0426a\core.a(port_nrf52.c.o)
                0x0000000000001dbc                ulSetInterruptMaskFromISR
 .text.vClearInterruptMaskFromISR
                0x0000000000001dc4        0x6 C:\Users\minec\AppData\Local\arduino\sketches\CBAA8D2BDA3D583126B4F168E555FB8A/..\..\cores\69cc2d20a9c0859fc6838a3a84e0426a\core.a(port_nrf52.c.o)
                0x0000000000001dc4                vClearInterruptMaskFromISR
 *fill*         0x0000000000001dca        0x2 
 .text.RTC1_IRQHandler
                0x0000000000001dcc       0x70 C:\Users\minec\AppData\Local\arduino\sketches\CBAA8D2BDA3D583126B4F168E555FB8A/..\..\cores\69cc2d20a9c0859fc6838a3a84e0426a\core.a(port_nrf52_systick.c.o)
                0x0000000000001dcc                RTC1_IRQHandler
 .text.vPortSetupTimerInterrupt
                0x0000000000001e3c       0x30 C:\Users\minec\AppData\Local\arduino\sketches\CBAA8D2BDA3D583126B4F168E555FB8A/..\..\cores\69cc2d20a9c0859fc6838a3a84e0426a\core.a(port_nrf52_systick.c.o)
                0x0000000000001e3c                vPortSetupTimerInterrupt
 .text.vPortSuppressTicksAndSleep
                0x0000000000001e6c       0xb4 C:\Users\minec\AppData\Local\arduino\sketches\CBAA8D2BDA3D583126B4F168E555FB8A/..\..\cores\69cc2d20a9c0859fc6838a3a84e0426a\core.a(port_nrf52_systick.c.o)
                0x0000000000001e6c                vPortSuppressTicksAndSleep
 .text.prvIsQueueEmpty
                0x0000000000001f20       0x16 C:\Users\minec\AppData\Local\arduino\sketches\CBAA8D2BDA3D583126B4F168E555FB8A/..\..\cores\69cc2d20a9c0859fc6838a3a84e0426a\core.a(queue.c.o)
 .text.prvCopyDataToQueue
                0x0000000000001f36       0x6a C:\Users\minec\AppData\Local\arduino\sketches\CBAA8D2BDA3D583126B4F168E555FB8A/..\..\cores\69cc2d20a9c0859fc6838a3a84e0426a\core.a(queue.c.o)
 .text.prvCopyDataFromQueue
                0x0000000000001fa0       0x28 C:\Users\minec\AppData\Local\arduino\sketches\CBAA8D2BDA3D583126B4F168E555FB8A/..\..\cores\69cc2d20a9c0859fc6838a3a84e0426a\core.a(queue.c.o)
 .text.prvUnlockQueue
                0x0000000000001fc8       0x70 C:\Users\minec\AppData\Local\arduino\sketches\CBAA8D2BDA3D583126B4F168E555FB8A/..\..\cores\69cc2d20a9c0859fc6838a3a84e0426a\core.a(queue.c.o)
 .text.xQueueGenericReset
                0x0000000000002038       0x6c C:\Users\minec\AppData\Local\arduino\sketches\CBAA8D2BDA3D583126B4F168E555FB8A/..\..\cores\69cc2d20a9c0859fc6838a3a84e0426a\core.a(queue.c.o)
                0x0000000000002038                xQueueGenericReset
 .text.xQueueGenericCreateStatic
                0x00000000000020a4       0x24 C:\Users\minec\AppData\Local\arduino\sketches\CBAA8D2BDA3D583126B4F168E555FB8A/..\..\cores\69cc2d20a9c0859fc6838a3a84e0426a\core.a(queue.c.o)
                0x00000000000020a4                xQueueGenericCreateStatic
 .text.xQueueGenericSend
                0x00000000000020c8      0x108 C:\Users\minec\AppData\Local\arduino\sketches\CBAA8D2BDA3D583126B4F168E555FB8A/..\..\cores\69cc2d20a9c0859fc6838a3a84e0426a\core.a(queue.c.o)
                0x00000000000020c8                xQueueGenericSend
 .text.xQueueGenericSendFromISR
                0x00000000000021d0       0x6c C:\Users\minec\AppData\Local\arduino\sketches\CBAA8D2BDA3D583126B4F168E555FB8A/..\..\cores\69cc2d20a9c0859fc6838a3a84e0426a\core.a(queue.c.o)
                0x00000000000021d0                xQueueGenericSendFromISR
 .text.xQueueReceive
                0x000000000000223c       0xf4 C:\Users\minec\AppData\Local\arduino\sketches\CBAA8D2BDA3D583126B4F168E555FB8A/..\..\cores\69cc2d20a9c0859fc6838a3a84e0426a\core.a(queue.c.o)
                0x000000000000223c                xQueueReceive
 .text.vQueueWaitForMessageRestricted
                0x0000000000002330       0x46 C:\Users\minec\AppData\Local\arduino\sketches\CBAA8D2BDA3D583126B4F168E555FB8A/..\..\cores\69cc2d20a9c0859fc6838a3a84e0426a\core.a(queue.c.o)
                0x0000000000002330                vQueueWaitForMessageRestricted
 *fill*         0x0000000000002376        0x2 
 .text.vApplicationGetIdleTaskMemory
                0x0000000000002378       0x18 C:\Users\minec\AppData\Local\arduino\sketches\CBAA8D2BDA3D583126B4F168E555FB8A/..\..\cores\69cc2d20a9c0859fc6838a3a84e0426a\core.a(static_tasks.c.o)
                0x0000000000002378                vApplicationGetIdleTaskMemory
 .text.vApplicationGetTimerTaskMemory
                0x0000000000002390       0x18 C:\Users\minec\AppData\Local\arduino\sketches\CBAA8D2BDA3D583126B4F168E555FB8A/..\..\cores\69cc2d20a9c0859fc6838a3a84e0426a\core.a(static_tasks.c.o)
                0x0000000000002390                vApplicationGetTimerTaskMemory
 .text._out_buffer
                0x00000000000023a8        0x8 C:\Users\minec\AppData\Local\arduino\sketches\CBAA8D2BDA3D583126B4F168E555FB8A/..\..\cores\69cc2d20a9c0859fc6838a3a84e0426a\core.a(printf.c.o)
 .text._out_null
                0x00000000000023b0        0x2 C:\Users\minec\AppData\Local\arduino\sketches\CBAA8D2BDA3D583126B4F168E555FB8A/..\..\cores\69cc2d20a9c0859fc6838a3a84e0426a\core.a(printf.c.o)
 .text._out_rev
                0x00000000000023b2       0x86 C:\Users\minec\AppData\Local\arduino\sketches\CBAA8D2BDA3D583126B4F168E555FB8A/..\..\cores\69cc2d20a9c0859fc6838a3a84e0426a\core.a(printf.c.o)
 .text._ntoa    0x0000000000002438      0x1b0 C:\Users\minec\AppData\Local\arduino\sketches\CBAA8D2BDA3D583126B4F168E555FB8A/..\..\cores\69cc2d20a9c0859fc6838a3a84e0426a\core.a(printf.c.o)
 .text.get_components
                0x00000000000025e8      0x11c C:\Users\minec\AppData\Local\arduino\sketches\CBAA8D2BDA3D583126B4F168E555FB8A/..\..\cores\69cc2d20a9c0859fc6838a3a84e0426a\core.a(printf.c.o)
 .text._out_char
                0x0000000000002704        0x8 C:\Users\minec\AppData\Local\arduino\sketches\CBAA8D2BDA3D583126B4F168E555FB8A/..\..\cores\69cc2d20a9c0859fc6838a3a84e0426a\core.a(printf.c.o)
 .text.sprint_broken_up_decimal.isra.0
                0x000000000000270c      0x192 C:\Users\minec\AppData\Local\arduino\sketches\CBAA8D2BDA3D583126B4F168E555FB8A/..\..\cores\69cc2d20a9c0859fc6838a3a84e0426a\core.a(printf.c.o)
 .text.update_normalization
                0x000000000000289e       0x76 C:\Users\minec\AppData\Local\arduino\sketches\CBAA8D2BDA3D583126B4F168E555FB8A/..\..\cores\69cc2d20a9c0859fc6838a3a84e0426a\core.a(printf.c.o)
                0x000000000000289e                update_normalization
 *fill*         0x0000000000002914        0x4 
 .text.sprint_exponential_number
                0x0000000000002918      0x504 C:\Users\minec\AppData\Local\arduino\sketches\CBAA8D2BDA3D583126B4F168E555FB8A/..\..\cores\69cc2d20a9c0859fc6838a3a84e0426a\core.a(printf.c.o)
 *fill*         0x0000000000002e1c        0x4 
 .text.sprint_floating_point
                0x0000000000002e20      0x19c C:\Users\minec\AppData\Local\arduino\sketches\CBAA8D2BDA3D583126B4F168E555FB8A/..\..\cores\69cc2d20a9c0859fc6838a3a84e0426a\core.a(printf.c.o)
 .text._vsnprintf
                0x0000000000002fbc      0x5d8 C:\Users\minec\AppData\Local\arduino\sketches\CBAA8D2BDA3D583126B4F168E555FB8A/..\..\cores\69cc2d20a9c0859fc6838a3a84e0426a\core.a(printf.c.o)
 .text.snprintf
                0x0000000000003594       0x28 C:\Users\minec\AppData\Local\arduino\sketches\CBAA8D2BDA3D583126B4F168E555FB8A/..\..\cores\69cc2d20a9c0859fc6838a3a84e0426a\core.a(printf.c.o)
                0x0000000000003594                snprintf
 .text.vprintf  0x00000000000035bc       0x1c C:\Users\minec\AppData\Local\arduino\sketches\CBAA8D2BDA3D583126B4F168E555FB8A/..\..\cores\69cc2d20a9c0859fc6838a3a84e0426a\core.a(printf.c.o)
                0x00000000000035bc                vprintf
 .text._putchar
                0x00000000000035d8       0x90 C:\Users\minec\AppData\Local\arduino\sketches\CBAA8D2BDA3D583126B4F168E555FB8A/..\..\cores\69cc2d20a9c0859fc6838a3a84e0426a\core.a(putchar.cpp.o)
                0x00000000000035d8                _putchar
 .text._ZdlPvj  0x0000000000003668        0x4 C:\Users\minec\AppData\Local\arduino\sketches\CBAA8D2BDA3D583126B4F168E555FB8A/..\..\cores\69cc2d20a9c0859fc6838a3a84e0426a\core.a(new.cpp.o)
                0x0000000000003668                operator delete(void*, unsigned int)
 .text.nrfx_clock_init
                0x000000000000366c       0x20 C:\Users\minec\AppData\Local\arduino\sketches\CBAA8D2BDA3D583126B4F168E555FB8A/..\..\cores\69cc2d20a9c0859fc6838a3a84e0426a\core.a(nrfx_clock.c.o)
                0x000000000000366c                nrfx_clock_init
 .text.nrfx_clock_enable
                0x000000000000368c       0x30 C:\Users\minec\AppData\Local\arduino\sketches\CBAA8D2BDA3D583126B4F168E555FB8A/..\..\cores\69cc2d20a9c0859fc6838a3a84e0426a\core.a(nrfx_clock.c.o)
                0x000000000000368c                nrfx_clock_enable
 .text.nrfx_clock_start
                0x00000000000036bc       0x42 C:\Users\minec\AppData\Local\arduino\sketches\CBAA8D2BDA3D583126B4F168E555FB8A/..\..\cores\69cc2d20a9c0859fc6838a3a84e0426a\core.a(nrfx_clock.c.o)
                0x00000000000036bc                nrfx_clock_start
 *fill*         0x00000000000036fe        0x2 
 .text.nrfx_clock_irq_handler
                0x0000000000003700       0x64 C:\Users\minec\AppData\Local\arduino\sketches\CBAA8D2BDA3D583126B4F168E555FB8A/..\..\cores\69cc2d20a9c0859fc6838a3a84e0426a\core.a(nrfx_clock.c.o)
                0x0000000000003700                nrfx_clock_irq_handler
 .text.nrfx_power_irq_handler
                0x0000000000003764       0x80 C:\Users\minec\AppData\Local\arduino\sketches\CBAA8D2BDA3D583126B4F168E555FB8A/..\..\cores\69cc2d20a9c0859fc6838a3a84e0426a\core.a(nrfx_power.c.o)
                0x0000000000003764                nrfx_power_irq_handler
 .text.POWER_CLOCK_IRQHandler
                0x00000000000037e4        0xe C:\Users\minec\AppData\Local\arduino\sketches\CBAA8D2BDA3D583126B4F168E555FB8A/..\..\cores\69cc2d20a9c0859fc6838a3a84e0426a\core.a(nrfx_power.c.o)
                0x00000000000037e4                POWER_CLOCK_IRQHandler
 .text._ZN10RingBufferC2Ev
                0x00000000000037f2       0x16 C:\Users\minec\AppData\Local\arduino\sketches\CBAA8D2BDA3D583126B4F168E555FB8A/..\..\cores\69cc2d20a9c0859fc6838a3a84e0426a\core.a(RingBuffer.cpp.o)
                0x00000000000037f2                RingBuffer::RingBuffer()
                0x00000000000037f2                RingBuffer::RingBuffer()
 .text._ZN10RingBuffer10store_charEh
                0x0000000000003808       0x16 C:\Users\minec\AppData\Local\arduino\sketches\CBAA8D2BDA3D583126B4F168E555FB8A/..\..\cores\69cc2d20a9c0859fc6838a3a84e0426a\core.a(RingBuffer.cpp.o)
                0x0000000000003808                RingBuffer::store_char(unsigned char)
 .text._ZN10RingBuffer5clearEv
                0x000000000000381e        0x8 C:\Users\minec\AppData\Local\arduino\sketches\CBAA8D2BDA3D583126B4F168E555FB8A/..\..\cores\69cc2d20a9c0859fc6838a3a84e0426a\core.a(RingBuffer.cpp.o)
                0x000000000000381e                RingBuffer::clear()
 .text._ZN10RingBuffer9read_charEv
                0x0000000000003826       0x1c C:\Users\minec\AppData\Local\arduino\sketches\CBAA8D2BDA3D583126B4F168E555FB8A/..\..\cores\69cc2d20a9c0859fc6838a3a84e0426a\core.a(RingBuffer.cpp.o)
                0x0000000000003826                RingBuffer::read_char()
 .text._ZN10RingBuffer9availableEv
                0x0000000000003842        0xc C:\Users\minec\AppData\Local\arduino\sketches\CBAA8D2BDA3D583126B4F168E555FB8A/..\..\cores\69cc2d20a9c0859fc6838a3a84e0426a\core.a(RingBuffer.cpp.o)
                0x0000000000003842                RingBuffer::available()
 .text._ZN10RingBuffer4peekEv
                0x000000000000384e       0x10 C:\Users\minec\AppData\Local\arduino\sketches\CBAA8D2BDA3D583126B4F168E555FB8A/..\..\cores\69cc2d20a9c0859fc6838a3a84e0426a\core.a(RingBuffer.cpp.o)
                0x000000000000384e                RingBuffer::peek()
 *fill*         0x000000000000385e        0x2 
 .text.vPortStartFirstTask
                0x0000000000003860       0x1c C:\Users\minec\AppData\Local\arduino\sketches\CBAA8D2BDA3D583126B4F168E555FB8A/..\..\cores\69cc2d20a9c0859fc6838a3a84e0426a\core.a(port.c.o)
                0x0000000000003860                vPortStartFirstTask
 .text.SVC_Handler
                0x000000000000387c       0x20 C:\Users\minec\AppData\Local\arduino\sketches\CBAA8D2BDA3D583126B4F168E555FB8A/..\..\cores\69cc2d20a9c0859fc6838a3a84e0426a\core.a(port.c.o)
                0x000000000000387c                SVC_Handler
 .text.PendSV_Handler
                0x000000000000389c       0x4c C:\Users\minec\AppData\Local\arduino\sketches\CBAA8D2BDA3D583126B4F168E555FB8A/..\..\cores\69cc2d20a9c0859fc6838a3a84e0426a\core.a(port.c.o)
                0x000000000000389c                PendSV_Handler
 .text.malloc   0x00000000000038e8        0x4 C:\Users\minec\AppData\Local\arduino\sketches\CBAA8D2BDA3D583126B4F168E555FB8A/..\..\cores\69cc2d20a9c0859fc6838a3a84e0426a\core.a(malloc.c.o)
                0x00000000000038e8                pvalloc
                0x00000000000038e8                valloc
                0x00000000000038e8                malloc
 .text.__aeabi_atexit
                0x00000000000038ec        0xa c:/users/minec/appdata/local/arduino15/packages/n-able-arduino/tools/gcc-arm-none-eabi/10.3.1-2.1/bin/../lib/gcc/arm-none-eabi/10.3.1/../../../../arm-none-eabi/lib/thumb/v7e-m/nofp\libstdc++_nano.a(atexit_arm.o)
                0x00000000000038ec                __aeabi_atexit
 *fill*         0x00000000000038f6        0x2 
 .text          0x00000000000038f8      0x378 c:/users/minec/appdata/local/arduino15/packages/n-able-arduino/tools/gcc-arm-none-eabi/10.3.1-2.1/bin/../lib/gcc/arm-none-eabi/10.3.1/thumb/v7e-m/nofp\libgcc.a(_arm_addsubdf3.o)
                0x00000000000038f8                __aeabi_drsub
                0x0000000000003900                __aeabi_dsub
                0x0000000000003900                __subdf3
                0x0000000000003904                __aeabi_dadd
                0x0000000000003904                __adddf3
                0x0000000000003b7c                __floatunsidf
                0x0000000000003b7c                __aeabi_ui2d
                0x0000000000003b9c                __floatsidf
                0x0000000000003b9c                __aeabi_i2d
                0x0000000000003bc0                __aeabi_f2d
                0x0000000000003bc0                __extendsfdf2
                0x0000000000003c04                __floatundidf
                0x0000000000003c04                __aeabi_ul2d
                0x0000000000003c14                __floatdidf
                0x0000000000003c14                __aeabi_l2d
 .text          0x0000000000003c70      0x424 c:/users/minec/appdata/local/arduino15/packages/n-able-arduino/tools/gcc-arm-none-eabi/10.3.1-2.1/bin/../lib/gcc/arm-none-eabi/10.3.1/thumb/v7e-m/nofp\libgcc.a(_arm_muldivdf3.o)
                0x0000000000003c70                __aeabi_dmul
                0x0000000000003c70                __muldf3
                0x0000000000003ec4                __divdf3
                0x0000000000003ec4                __aeabi_ddiv
 .text          0x0000000000004094      0x110 c:/users/minec/appdata/local/arduino15/packages/n-able-arduino/tools/gcc-arm-none-eabi/10.3.1-2.1/bin/../lib/gcc/arm-none-eabi/10.3.1/thumb/v7e-m/nofp\libgcc.a(_arm_cmpdf2.o)
                0x0000000000004094                __gtdf2
                0x0000000000004094                __gedf2
                0x000000000000409c                __ltdf2
                0x000000000000409c                __ledf2
                0x00000000000040a4                __nedf2
                0x00000000000040a4                __eqdf2
                0x00000000000040a4                __cmpdf2
                0x0000000000004120                __aeabi_cdrcmple
                0x0000000000004130                __aeabi_cdcmpeq
                0x0000000000004130                __aeabi_cdcmple
                0x0000000000004140                __aeabi_dcmpeq
                0x0000000000004154                __aeabi_dcmplt
                0x0000000000004168                __aeabi_dcmple
                0x000000000000417c                __aeabi_dcmpge
                0x0000000000004190                __aeabi_dcmpgt
 .text          0x00000000000041a4       0x50 c:/users/minec/appdata/local/arduino15/packages/n-able-arduino/tools/gcc-arm-none-eabi/10.3.1-2.1/bin/../lib/gcc/arm-none-eabi/10.3.1/thumb/v7e-m/nofp\libgcc.a(_arm_fixdfsi.o)
                0x00000000000041a4                __aeabi_d2iz
                0x00000000000041a4                __fixdfsi
 .text          0x00000000000041f4       0x40 c:/users/minec/appdata/local/arduino15/packages/n-able-arduino/tools/gcc-arm-none-eabi/10.3.1-2.1/bin/../lib/gcc/arm-none-eabi/10.3.1/thumb/v7e-m/nofp\libgcc.a(_arm_fixunsdfsi.o)
                0x00000000000041f4                __aeabi_d2uiz
                0x00000000000041f4                __fixunsdfsi
 .text          0x0000000000004234       0xa0 c:/users/minec/appdata/local/arduino15/packages/n-able-arduino/tools/gcc-arm-none-eabi/10.3.1-2.1/bin/../lib/gcc/arm-none-eabi/10.3.1/thumb/v7e-m/nofp\libgcc.a(_aeabi_ldivmod.o)
                0x0000000000004234                __aeabi_ldivmod
 .text          0x00000000000042d4       0x30 c:/users/minec/appdata/local/arduino15/packages/n-able-arduino/tools/gcc-arm-none-eabi/10.3.1-2.1/bin/../lib/gcc/arm-none-eabi/10.3.1/thumb/v7e-m/nofp\libgcc.a(_aeabi_uldivmod.o)
                0x00000000000042d4                __aeabi_uldivmod
 .text.__fixdfdi
                0x0000000000004304       0x34 c:/users/minec/appdata/local/arduino15/packages/n-able-arduino/tools/gcc-arm-none-eabi/10.3.1-2.1/bin/../lib/gcc/arm-none-eabi/10.3.1/thumb/v7e-m/nofp\libgcc.a(_fixdfdi.o)
                0x0000000000004304                __fixdfdi
                0x0000000000004304                __aeabi_d2lz
 .text.__fixunsdfdi
                0x0000000000004338       0x3c c:/users/minec/appdata/local/arduino15/packages/n-able-arduino/tools/gcc-arm-none-eabi/10.3.1-2.1/bin/../lib/gcc/arm-none-eabi/10.3.1/thumb/v7e-m/nofp\libgcc.a(_fixunsdfdi.o)
                0x0000000000004338                __fixunsdfdi
                0x0000000000004338                __aeabi_d2ulz
 .text.__udivmoddi4
                0x0000000000004374      0x2d0 c:/users/minec/appdata/local/arduino15/packages/n-able-arduino/tools/gcc-arm-none-eabi/10.3.1-2.1/bin/../lib/gcc/arm-none-eabi/10.3.1/thumb/v7e-m/nofp\libgcc.a(_udivmoddi4.o)
                0x0000000000004374                __udivmoddi4
 .text.selfrel_offset31
                0x0000000000004644       0x14 c:/users/minec/appdata/local/arduino15/packages/n-able-arduino/tools/gcc-arm-none-eabi/10.3.1-2.1/bin/../lib/gcc/arm-none-eabi/10.3.1/thumb/v7e-m/nofp\libgcc.a(unwind-arm.o)
 .text.search_EIT_table
                0x0000000000004658       0x5c c:/users/minec/appdata/local/arduino15/packages/n-able-arduino/tools/gcc-arm-none-eabi/10.3.1-2.1/bin/../lib/gcc/arm-none-eabi/10.3.1/thumb/v7e-m/nofp\libgcc.a(unwind-arm.o)
 .text.__gnu_unwind_get_pr_addr
                0x00000000000046b4       0x28 c:/users/minec/appdata/local/arduino15/packages/n-able-arduino/tools/gcc-arm-none-eabi/10.3.1-2.1/bin/../lib/gcc/arm-none-eabi/10.3.1/thumb/v7e-m/nofp\libgcc.a(unwind-arm.o)
 .text.get_eit_entry
                0x00000000000046dc       0x9c c:/users/minec/appdata/local/arduino15/packages/n-able-arduino/tools/gcc-arm-none-eabi/10.3.1-2.1/bin/../lib/gcc/arm-none-eabi/10.3.1/thumb/v7e-m/nofp\libgcc.a(unwind-arm.o)
 .text.restore_non_core_regs
                0x0000000000004778       0x58 c:/users/minec/appdata/local/arduino15/packages/n-able-arduino/tools/gcc-arm-none-eabi/10.3.1-2.1/bin/../lib/gcc/arm-none-eabi/10.3.1/thumb/v7e-m/nofp\libgcc.a(unwind-arm.o)
 .text._Unwind_decode_typeinfo_ptr.constprop.0
                0x00000000000047d0        0xc c:/users/minec/appdata/local/arduino15/packages/n-able-arduino/tools/gcc-arm-none-eabi/10.3.1-2.1/bin/../lib/gcc/arm-none-eabi/10.3.1/thumb/v7e-m/nofp\libgcc.a(unwind-arm.o)
 .text._Unwind_DebugHook
                0x00000000000047dc        0x4 c:/users/minec/appdata/local/arduino15/packages/n-able-arduino/tools/gcc-arm-none-eabi/10.3.1-2.1/bin/../lib/gcc/arm-none-eabi/10.3.1/thumb/v7e-m/nofp\libgcc.a(unwind-arm.o)
 .text.unwind_phase2
                0x00000000000047e0       0x3c c:/users/minec/appdata/local/arduino15/packages/n-able-arduino/tools/gcc-arm-none-eabi/10.3.1-2.1/bin/../lib/gcc/arm-none-eabi/10.3.1/thumb/v7e-m/nofp\libgcc.a(unwind-arm.o)
 .text.unwind_phase2_forced
                0x000000000000481c       0xcc c:/users/minec/appdata/local/arduino15/packages/n-able-arduino/tools/gcc-arm-none-eabi/10.3.1-2.1/bin/../lib/gcc/arm-none-eabi/10.3.1/thumb/v7e-m/nofp\libgcc.a(unwind-arm.o)
 .text.__gnu_Unwind_RaiseException
                0x00000000000048e8       0x68 c:/users/minec/appdata/local/arduino15/packages/n-able-arduino/tools/gcc-arm-none-eabi/10.3.1-2.1/bin/../lib/gcc/arm-none-eabi/10.3.1/thumb/v7e-m/nofp\libgcc.a(unwind-arm.o)
                0x00000000000048e8                __gnu_Unwind_RaiseException
 .text.__gnu_Unwind_ForcedUnwind
                0x0000000000004950       0x10 c:/users/minec/appdata/local/arduino15/packages/n-able-arduino/tools/gcc-arm-none-eabi/10.3.1-2.1/bin/../lib/gcc/arm-none-eabi/10.3.1/thumb/v7e-m/nofp\libgcc.a(unwind-arm.o)
                0x0000000000004950                __gnu_Unwind_ForcedUnwind
 .text.__gnu_Unwind_Resume
                0x0000000000004960       0x44 c:/users/minec/appdata/local/arduino15/packages/n-able-arduino/tools/gcc-arm-none-eabi/10.3.1-2.1/bin/../lib/gcc/arm-none-eabi/10.3.1/thumb/v7e-m/nofp\libgcc.a(unwind-arm.o)
                0x0000000000004960                __gnu_Unwind_Resume
 .text.__gnu_Unwind_Resume_or_Rethrow
                0x00000000000049a4       0x14 c:/users/minec/appdata/local/arduino15/packages/n-able-arduino/tools/gcc-arm-none-eabi/10.3.1-2.1/bin/../lib/gcc/arm-none-eabi/10.3.1/thumb/v7e-m/nofp\libgcc.a(unwind-arm.o)
                0x00000000000049a4                __gnu_Unwind_Resume_or_Rethrow
 .text._Unwind_VRS_Get
                0x00000000000049b8       0x30 c:/users/minec/appdata/local/arduino15/packages/n-able-arduino/tools/gcc-arm-none-eabi/10.3.1-2.1/bin/../lib/gcc/arm-none-eabi/10.3.1/thumb/v7e-m/nofp\libgcc.a(unwind-arm.o)
                0x00000000000049b8                _Unwind_VRS_Get
 .text._Unwind_GetGR
                0x00000000000049e8       0x1c c:/users/minec/appdata/local/arduino15/packages/n-able-arduino/tools/gcc-arm-none-eabi/10.3.1-2.1/bin/../lib/gcc/arm-none-eabi/10.3.1/thumb/v7e-m/nofp\libgcc.a(unwind-arm.o)
 .text._Unwind_VRS_Set
                0x0000000000004a04       0x30 c:/users/minec/appdata/local/arduino15/packages/n-able-arduino/tools/gcc-arm-none-eabi/10.3.1-2.1/bin/../lib/gcc/arm-none-eabi/10.3.1/thumb/v7e-m/nofp\libgcc.a(unwind-arm.o)
                0x0000000000004a04                _Unwind_VRS_Set
 .text._Unwind_SetGR
                0x0000000000004a34       0x18 c:/users/minec/appdata/local/arduino15/packages/n-able-arduino/tools/gcc-arm-none-eabi/10.3.1-2.1/bin/../lib/gcc/arm-none-eabi/10.3.1/thumb/v7e-m/nofp\libgcc.a(unwind-arm.o)
 .text.__gnu_Unwind_Backtrace
                0x0000000000004a4c       0x84 c:/users/minec/appdata/local/arduino15/packages/n-able-arduino/tools/gcc-arm-none-eabi/10.3.1-2.1/bin/../lib/gcc/arm-none-eabi/10.3.1/thumb/v7e-m/nofp\libgcc.a(unwind-arm.o)
                0x0000000000004a4c                __gnu_Unwind_Backtrace
 .text.__gnu_unwind_pr_common
                0x0000000000004ad0      0x2a8 c:/users/minec/appdata/local/arduino15/packages/n-able-arduino/tools/gcc-arm-none-eabi/10.3.1-2.1/bin/../lib/gcc/arm-none-eabi/10.3.1/thumb/v7e-m/nofp\libgcc.a(unwind-arm.o)
 .text.__aeabi_unwind_cpp_pr0
                0x0000000000004d78        0x8 c:/users/minec/appdata/local/arduino15/packages/n-able-arduino/tools/gcc-arm-none-eabi/10.3.1-2.1/bin/../lib/gcc/arm-none-eabi/10.3.1/thumb/v7e-m/nofp\libgcc.a(unwind-arm.o)
                0x0000000000004d78                __aeabi_unwind_cpp_pr0
 .text.__aeabi_unwind_cpp_pr1
                0x0000000000004d80        0x8 c:/users/minec/appdata/local/arduino15/packages/n-able-arduino/tools/gcc-arm-none-eabi/10.3.1-2.1/bin/../lib/gcc/arm-none-eabi/10.3.1/thumb/v7e-m/nofp\libgcc.a(unwind-arm.o)
                0x0000000000004d80                __aeabi_unwind_cpp_pr1
 .text.__aeabi_unwind_cpp_pr2
                0x0000000000004d88        0x8 c:/users/minec/appdata/local/arduino15/packages/n-able-arduino/tools/gcc-arm-none-eabi/10.3.1-2.1/bin/../lib/gcc/arm-none-eabi/10.3.1/thumb/v7e-m/nofp\libgcc.a(unwind-arm.o)
                0x0000000000004d88                __aeabi_unwind_cpp_pr2
 .text._Unwind_VRS_Pop
                0x0000000000004d90      0x284 c:/users/minec/appdata/local/arduino15/packages/n-able-arduino/tools/gcc-arm-none-eabi/10.3.1-2.1/bin/../lib/gcc/arm-none-eabi/10.3.1/thumb/v7e-m/nofp\libgcc.a(unwind-arm.o)
                0x0000000000004d90                _Unwind_VRS_Pop
 .text          0x0000000000005014      0x1ac c:/users/minec/appdata/local/arduino15/packages/n-able-arduino/tools/gcc-arm-none-eabi/10.3.1-2.1/bin/../lib/gcc/arm-none-eabi/10.3.1/thumb/v7e-m/nofp\libgcc.a(libunwind.o)
                0x0000000000005014                __restore_core_regs
                0x0000000000005014                restore_core_regs
                0x000000000000502c                __gnu_Unwind_Restore_VFP
                0x0000000000005034                __gnu_Unwind_Save_VFP
                0x000000000000503c                __gnu_Unwind_Restore_VFP_D
                0x0000000000005044                __gnu_Unwind_Save_VFP_D
                0x000000000000504c                __gnu_Unwind_Restore_VFP_D_16_to_31
                0x0000000000005054                __gnu_Unwind_Save_VFP_D_16_to_31
                0x000000000000505c                __gnu_Unwind_Restore_WMMXD
                0x00000000000050a0                __gnu_Unwind_Save_WMMXD
                0x00000000000050e4                __gnu_Unwind_Restore_WMMXC
                0x00000000000050f8                __gnu_Unwind_Save_WMMXC
                0x000000000000510c                ___Unwind_RaiseException
                0x000000000000510c                _Unwind_RaiseException
                0x0000000000005130                _Unwind_Resume
                0x0000000000005130                ___Unwind_Resume
                0x0000000000005154                _Unwind_Resume_or_Rethrow
                0x0000000000005154                ___Unwind_Resume_or_Rethrow
                0x0000000000005178                _Unwind_ForcedUnwind
                0x0000000000005178                ___Unwind_ForcedUnwind
                0x000000000000519c                ___Unwind_Backtrace
                0x000000000000519c                _Unwind_Backtrace
 .text.next_unwind_byte
                0x00000000000051c0       0x38 c:/users/minec/appdata/local/arduino15/packages/n-able-arduino/tools/gcc-arm-none-eabi/10.3.1-2.1/bin/../lib/gcc/arm-none-eabi/10.3.1/thumb/v7e-m/nofp\libgcc.a(pr-support.o)
 .text.__gnu_unwind_execute
                0x00000000000051f8      0x2ac c:/users/minec/appdata/local/arduino15/packages/n-able-arduino/tools/gcc-arm-none-eabi/10.3.1-2.1/bin/../lib/gcc/arm-none-eabi/10.3.1/thumb/v7e-m/nofp\libgcc.a(pr-support.o)
                0x00000000000051f8                __gnu_unwind_execute
 .text          0x00000000000054a4        0x4 c:/users/minec/appdata/local/arduino15/packages/n-able-arduino/tools/gcc-arm-none-eabi/10.3.1-2.1/bin/../lib/gcc/arm-none-eabi/10.3.1/thumb/v7e-m/nofp\libgcc.a(_dvmd_tls.o)
                0x00000000000054a4                __aeabi_idiv0
                0x00000000000054a4                __aeabi_ldiv0
 .text.abort    0x00000000000054a8        0xe c:/users/minec/appdata/local/arduino15/packages/n-able-arduino/tools/gcc-arm-none-eabi/10.3.1-2.1/bin/../lib/gcc/arm-none-eabi/10.3.1/../../../../arm-none-eabi/lib/thumb/v7e-m/nofp\libc_nano.a(lib_a-abort.o)
                0x00000000000054a8                abort
 *fill*         0x00000000000054b6        0x2 
 .text.__cxa_atexit
                0x00000000000054b8       0x1c c:/users/minec/appdata/local/arduino15/packages/n-able-arduino/tools/gcc-arm-none-eabi/10.3.1-2.1/bin/../lib/gcc/arm-none-eabi/10.3.1/../../../../arm-none-eabi/lib/thumb/v7e-m/nofp\libc_nano.a(lib_a-cxa_atexit.o)
                0x00000000000054b8                __cxa_atexit
 .text.exit     0x00000000000054d4       0x28 c:/users/minec/appdata/local/arduino15/packages/n-able-arduino/tools/gcc-arm-none-eabi/10.3.1-2.1/bin/../lib/gcc/arm-none-eabi/10.3.1/../../../../arm-none-eabi/lib/thumb/v7e-m/nofp\libc_nano.a(lib_a-exit.o)
                0x00000000000054d4                exit
 .text.__libc_init_array
                0x00000000000054fc       0x48 c:/users/minec/appdata/local/arduino15/packages/n-able-arduino/tools/gcc-arm-none-eabi/10.3.1-2.1/bin/../lib/gcc/arm-none-eabi/10.3.1/../../../../arm-none-eabi/lib/thumb/v7e-m/nofp\libc_nano.a(lib_a-init.o)
                0x00000000000054fc                __libc_init_array
 .text.memcpy   0x0000000000005544       0x1c c:/users/minec/appdata/local/arduino15/packages/n-able-arduino/tools/gcc-arm-none-eabi/10.3.1-2.1/bin/../lib/gcc/arm-none-eabi/10.3.1/../../../../arm-none-eabi/lib/thumb/v7e-m/nofp\libc_nano.a(lib_a-memcpy-stub.o)
                0x0000000000005544                memcpy
 .text.memset   0x0000000000005560       0x10 c:/users/minec/appdata/local/arduino15/packages/n-able-arduino/tools/gcc-arm-none-eabi/10.3.1-2.1/bin/../lib/gcc/arm-none-eabi/10.3.1/../../../../arm-none-eabi/lib/thumb/v7e-m/nofp\libc_nano.a(lib_a-memset.o)
                0x0000000000005560                memset
 .text._raise_r
                0x0000000000005570       0x50 c:/users/minec/appdata/local/arduino15/packages/n-able-arduino/tools/gcc-arm-none-eabi/10.3.1-2.1/bin/../lib/gcc/arm-none-eabi/10.3.1/../../../../arm-none-eabi/lib/thumb/v7e-m/nofp\libc_nano.a(lib_a-signal.o)
                0x0000000000005570                _raise_r
 .text.raise    0x00000000000055c0       0x10 c:/users/minec/appdata/local/arduino15/packages/n-able-arduino/tools/gcc-arm-none-eabi/10.3.1-2.1/bin/../lib/gcc/arm-none-eabi/10.3.1/../../../../arm-none-eabi/lib/thumb/v7e-m/nofp\libc_nano.a(lib_a-signal.o)
                0x00000000000055c0                raise
 .text._kill_r  0x00000000000055d0       0x24 c:/users/minec/appdata/local/arduino15/packages/n-able-arduino/tools/gcc-arm-none-eabi/10.3.1-2.1/bin/../lib/gcc/arm-none-eabi/10.3.1/../../../../arm-none-eabi/lib/thumb/v7e-m/nofp\libc_nano.a(lib_a-signalr.o)
                0x00000000000055d0                _kill_r
 .text._getpid_r
                0x00000000000055f4        0x4 c:/users/minec/appdata/local/arduino15/packages/n-able-arduino/tools/gcc-arm-none-eabi/10.3.1-2.1/bin/../lib/gcc/arm-none-eabi/10.3.1/../../../../arm-none-eabi/lib/thumb/v7e-m/nofp\libc_nano.a(lib_a-signalr.o)
                0x00000000000055f4                _getpid_r
 .text          0x00000000000055f8       0x10 c:/users/minec/appdata/local/arduino15/packages/n-able-arduino/tools/gcc-arm-none-eabi/10.3.1-2.1/bin/../lib/gcc/arm-none-eabi/10.3.1/../../../../arm-none-eabi/lib/thumb/v7e-m/nofp\libc_nano.a(lib_a-strlen.o)
                0x00000000000055f8                strlen
 .text._getpid  0x0000000000005608       0x10 c:/users/minec/appdata/local/arduino15/packages/n-able-arduino/tools/gcc-arm-none-eabi/10.3.1-2.1/bin/../lib/gcc/arm-none-eabi/10.3.1/../../../../arm-none-eabi/lib/thumb/v7e-m/nofp\libnosys.a(getpid.o)
                0x0000000000005608                _getpid
 .text._kill    0x0000000000005618       0x10 c:/users/minec/appdata/local/arduino15/packages/n-able-arduino/tools/gcc-arm-none-eabi/10.3.1-2.1/bin/../lib/gcc/arm-none-eabi/10.3.1/../../../../arm-none-eabi/lib/thumb/v7e-m/nofp\libnosys.a(kill.o)
                0x0000000000005618                _kill
 .text._exit    0x0000000000005628        0x4 c:/users/minec/appdata/local/arduino15/packages/n-able-arduino/tools/gcc-arm-none-eabi/10.3.1-2.1/bin/../lib/gcc/arm-none-eabi/10.3.1/../../../../arm-none-eabi/lib/thumb/v7e-m/nofp\libnosys.a(_exit.o)
                0x0000000000005628                _exit
 *(.init)
 .init          0x000000000000562c        0x4 c:/users/minec/appdata/local/arduino15/packages/n-able-arduino/tools/gcc-arm-none-eabi/10.3.1-2.1/bin/../lib/gcc/arm-none-eabi/10.3.1/thumb/v7e-m/nofp/crti.o
                0x000000000000562c                _init
 .init          0x0000000000005630        0x8 c:/users/minec/appdata/local/arduino15/packages/n-able-arduino/tools/gcc-arm-none-eabi/10.3.1-2.1/bin/../lib/gcc/arm-none-eabi/10.3.1/thumb/v7e-m/nofp/crtn.o
 *(.fini)
 .fini          0x0000000000005638        0x4 c:/users/minec/appdata/local/arduino15/packages/n-able-arduino/tools/gcc-arm-none-eabi/10.3.1-2.1/bin/../lib/gcc/arm-none-eabi/10.3.1/thumb/v7e-m/nofp/crti.o
                0x0000000000005638                _fini
 .fini          0x000000000000563c        0x8 c:/users/minec/appdata/local/arduino15/packages/n-able-arduino/tools/gcc-arm-none-eabi/10.3.1-2.1/bin/../lib/gcc/arm-none-eabi/10.3.1/thumb/v7e-m/nofp/crtn.o
 *crtbegin.o(.ctors)
 *crtbegin?.o(.ctors)
 *(EXCLUDE_FILE(*crtend.o *crtend?.o) .ctors)
 *(SORT_BY_NAME(.ctors.*))
 *(.ctors)
 *crtbegin.o(.dtors)
 *crtbegin?.o(.dtors)
 *(EXCLUDE_FILE(*crtend.o *crtend?.o) .dtors)
 *(SORT_BY_NAME(.dtors.*))
 *(.dtors)
 *(.rodata*)
 .rodata.g_ADigitalPinMap
                0x0000000000005644       0x80 C:\Users\minec\AppData\Local\arduino\sketches\CBAA8D2BDA3D583126B4F168E555FB8A\core\variant.cpp.o
                0x0000000000005644                g_ADigitalPinMap
 .rodata.vTaskStartScheduler.str1.1
                0x00000000000056c4        0x5 C:\Users\minec\AppData\Local\arduino\sketches\CBAA8D2BDA3D583126B4F168E555FB8A/..\..\cores\69cc2d20a9c0859fc6838a3a84e0426a\core.a(tasks.c.o)
 .rodata.xTimerCreateTimerTask.str1.1
                0x00000000000056c9        0x8 C:\Users\minec\AppData\Local\arduino\sketches\CBAA8D2BDA3D583126B4F168E555FB8A/..\..\cores\69cc2d20a9c0859fc6838a3a84e0426a\core.a(timers.c.o)
 .rodata.main.str1.1
                0x00000000000056d1        0x4 C:\Users\minec\AppData\Local\arduino\sketches\CBAA8D2BDA3D583126B4F168E555FB8A/..\..\cores\69cc2d20a9c0859fc6838a3a84e0426a\core.a(main.cpp.o)
 .rodata.vApplicationStackOverflowHook.str1.1
                0x00000000000056d5       0x1a C:\Users\minec\AppData\Local\arduino\sketches\CBAA8D2BDA3D583126B4F168E555FB8A/..\..\cores\69cc2d20a9c0859fc6838a3a84e0426a\core.a(rtos.cpp.o)
 .rodata.vApplicationMallocFailedHook.str1.1
                0x00000000000056ef       0x23 C:\Users\minec\AppData\Local\arduino\sketches\CBAA8D2BDA3D583126B4F168E555FB8A/..\..\cores\69cc2d20a9c0859fc6838a3a84e0426a\core.a(rtos.cpp.o)
 .rodata._Z15dump_call_stackv.str1.1
                0x0000000000005712       0x80 C:\Users\minec\AppData\Local\arduino\sketches\CBAA8D2BDA3D583126B4F168E555FB8A/..\..\cores\69cc2d20a9c0859fc6838a3a84e0426a\core.a(debug_utils.cpp.o)
 .rodata.Hardfault_handler_cpp.str1.1
                0x0000000000005792      0x3cf C:\Users\minec\AppData\Local\arduino\sketches\CBAA8D2BDA3D583126B4F168E555FB8A/..\..\cores\69cc2d20a9c0859fc6838a3a84e0426a\core.a(debug_utils.cpp.o)
 .rodata._ZN5Print7printlnEv.str1.1
                0x0000000000005b61        0x3 C:\Users\minec\AppData\Local\arduino\sketches\CBAA8D2BDA3D583126B4F168E555FB8A/..\..\cores\69cc2d20a9c0859fc6838a3a84e0426a\core.a(Print.cpp.o)
 .rodata._ZTV4Uart
                0x0000000000005b64       0x3c C:\Users\minec\AppData\Local\arduino\sketches\CBAA8D2BDA3D583126B4F168E555FB8A/..\..\cores\69cc2d20a9c0859fc6838a3a84e0426a\core.a(Uart.cpp.o)
                0x0000000000005b64                vtable for Uart
 .rodata.sprint_floating_point.str1.1
                0x0000000000005ba0       0x12 C:\Users\minec\AppData\Local\arduino\sketches\CBAA8D2BDA3D583126B4F168E555FB8A/..\..\cores\69cc2d20a9c0859fc6838a3a84e0426a\core.a(printf.c.o)
 .rodata._vsnprintf.str1.1
                0x0000000000005bb2        0xd C:\Users\minec\AppData\Local\arduino\sketches\CBAA8D2BDA3D583126B4F168E555FB8A/..\..\cores\69cc2d20a9c0859fc6838a3a84e0426a\core.a(printf.c.o)
 *fill*         0x0000000000005bbf        0x1 
 .rodata.powers_of_10
                0x0000000000005bc0       0x90 C:\Users\minec\AppData\Local\arduino\sketches\CBAA8D2BDA3D583126B4F168E555FB8A/..\..\cores\69cc2d20a9c0859fc6838a3a84e0426a\core.a(printf.c.o)
 .rodata._global_impure_ptr
                0x0000000000005c50        0x4 c:/users/minec/appdata/local/arduino15/packages/n-able-arduino/tools/gcc-arm-none-eabi/10.3.1-2.1/bin/../lib/gcc/arm-none-eabi/10.3.1/../../../../arm-none-eabi/lib/thumb/v7e-m/nofp\libc_nano.a(lib_a-impure.o)
                0x0000000000005c50                _global_impure_ptr
 *(.eh_frame*)
 .eh_frame      0x0000000000005c54        0x0 c:/users/minec/appdata/local/arduino15/packages/n-able-arduino/tools/gcc-arm-none-eabi/10.3.1-2.1/bin/../lib/gcc/arm-none-eabi/10.3.1/thumb/v7e-m/nofp/crtbegin.o
 .eh_frame      0x0000000000005c54        0x4 c:/users/minec/appdata/local/arduino15/packages/n-able-arduino/tools/gcc-arm-none-eabi/10.3.1-2.1/bin/../lib/gcc/arm-none-eabi/10.3.1/thumb/v7e-m/nofp/crtend.o

.glue_7         0x0000000000005c58        0x0
 .glue_7        0x0000000000005c58        0x0 linker stubs

.glue_7t        0x0000000000005c58        0x0
 .glue_7t       0x0000000000005c58        0x0 linker stubs

.vfp11_veneer   0x0000000000005c58        0x0
 .vfp11_veneer  0x0000000000005c58        0x0 linker stubs

.v4_bx          0x0000000000005c58        0x0
 .v4_bx         0x0000000000005c58        0x0 linker stubs

.iplt           0x0000000000005c58        0x0
 .iplt          0x0000000000005c58        0x0 c:/users/minec/appdata/local/arduino15/packages/n-able-arduino/tools/gcc-arm-none-eabi/10.3.1-2.1/bin/../lib/gcc/arm-none-eabi/10.3.1/thumb/v7e-m/nofp/crtbegin.o

.ARM.extab
 *(.ARM.extab* .gnu.linkonce.armextab.*)
                0x0000000000005c58                __exidx_start = .

.ARM.exidx      0x0000000000005c58       0x98
 *(.ARM.exidx* .gnu.linkonce.armexidx.*)
 .ARM.exidx     0x0000000000005c58        0x8 c:/users/minec/appdata/local/arduino15/packages/n-able-arduino/tools/gcc-arm-none-eabi/10.3.1-2.1/bin/../lib/gcc/arm-none-eabi/10.3.1/../../../../arm-none-eabi/lib/thumb/v7e-m/nofp/crt0.o
                                         0x10 (size before relaxing)
 .ARM.exidx.text.__fixdfdi
                0x0000000000005c60        0x8 c:/users/minec/appdata/local/arduino15/packages/n-able-arduino/tools/gcc-arm-none-eabi/10.3.1-2.1/bin/../lib/gcc/arm-none-eabi/10.3.1/thumb/v7e-m/nofp\libgcc.a(_fixdfdi.o)
 .ARM.exidx.text.__fixunsdfdi
                0x0000000000005c68        0x8 c:/users/minec/appdata/local/arduino15/packages/n-able-arduino/tools/gcc-arm-none-eabi/10.3.1-2.1/bin/../lib/gcc/arm-none-eabi/10.3.1/thumb/v7e-m/nofp\libgcc.a(_fixunsdfdi.o)
 .ARM.exidx.text.__udivmoddi4
                0x0000000000005c70        0x0 c:/users/minec/appdata/local/arduino15/packages/n-able-arduino/tools/gcc-arm-none-eabi/10.3.1-2.1/bin/../lib/gcc/arm-none-eabi/10.3.1/thumb/v7e-m/nofp\libgcc.a(_udivmoddi4.o)
                                          0x8 (size before relaxing)
 .ARM.exidx.text.selfrel_offset31
                0x0000000000005c70        0x0 c:/users/minec/appdata/local/arduino15/packages/n-able-arduino/tools/gcc-arm-none-eabi/10.3.1-2.1/bin/../lib/gcc/arm-none-eabi/10.3.1/thumb/v7e-m/nofp\libgcc.a(unwind-arm.o)
                                          0x8 (size before relaxing)
 .ARM.exidx.text.search_EIT_table
                0x0000000000005c70        0x0 c:/users/minec/appdata/local/arduino15/packages/n-able-arduino/tools/gcc-arm-none-eabi/10.3.1-2.1/bin/../lib/gcc/arm-none-eabi/10.3.1/thumb/v7e-m/nofp\libgcc.a(unwind-arm.o)
                                          0x8 (size before relaxing)
 .ARM.exidx.text.__gnu_unwind_get_pr_addr
                0x0000000000005c70        0x0 c:/users/minec/appdata/local/arduino15/packages/n-able-arduino/tools/gcc-arm-none-eabi/10.3.1-2.1/bin/../lib/gcc/arm-none-eabi/10.3.1/thumb/v7e-m/nofp\libgcc.a(unwind-arm.o)
                                          0x8 (size before relaxing)
 .ARM.exidx.text.get_eit_entry
                0x0000000000005c70        0x8 c:/users/minec/appdata/local/arduino15/packages/n-able-arduino/tools/gcc-arm-none-eabi/10.3.1-2.1/bin/../lib/gcc/arm-none-eabi/10.3.1/thumb/v7e-m/nofp\libgcc.a(unwind-arm.o)
 .ARM.exidx.text.restore_non_core_regs
                0x0000000000005c78        0x8 c:/users/minec/appdata/local/arduino15/packages/n-able-arduino/tools/gcc-arm-none-eabi/10.3.1-2.1/bin/../lib/gcc/arm-none-eabi/10.3.1/thumb/v7e-m/nofp\libgcc.a(unwind-arm.o)
 .ARM.exidx.text._Unwind_decode_typeinfo_ptr.constprop.0
                0x0000000000005c80        0x8 c:/users/minec/appdata/local/arduino15/packages/n-able-arduino/tools/gcc-arm-none-eabi/10.3.1-2.1/bin/../lib/gcc/arm-none-eabi/10.3.1/thumb/v7e-m/nofp\libgcc.a(unwind-arm.o)
 .ARM.exidx.text._Unwind_DebugHook
                0x0000000000005c88        0x0 c:/users/minec/appdata/local/arduino15/packages/n-able-arduino/tools/gcc-arm-none-eabi/10.3.1-2.1/bin/../lib/gcc/arm-none-eabi/10.3.1/thumb/v7e-m/nofp\libgcc.a(unwind-arm.o)
                                          0x8 (size before relaxing)
 .ARM.exidx.text.unwind_phase2
                0x0000000000005c88        0x8 c:/users/minec/appdata/local/arduino15/packages/n-able-arduino/tools/gcc-arm-none-eabi/10.3.1-2.1/bin/../lib/gcc/arm-none-eabi/10.3.1/thumb/v7e-m/nofp\libgcc.a(unwind-arm.o)
 .ARM.exidx.text.unwind_phase2_forced
                0x0000000000005c90        0x8 c:/users/minec/appdata/local/arduino15/packages/n-able-arduino/tools/gcc-arm-none-eabi/10.3.1-2.1/bin/../lib/gcc/arm-none-eabi/10.3.1/thumb/v7e-m/nofp\libgcc.a(unwind-arm.o)
 .ARM.exidx.text.__gnu_Unwind_RaiseException
                0x0000000000005c98        0x8 c:/users/minec/appdata/local/arduino15/packages/n-able-arduino/tools/gcc-arm-none-eabi/10.3.1-2.1/bin/../lib/gcc/arm-none-eabi/10.3.1/thumb/v7e-m/nofp\libgcc.a(unwind-arm.o)
 .ARM.exidx.text.__gnu_Unwind_ForcedUnwind
                0x0000000000005ca0        0x8 c:/users/minec/appdata/local/arduino15/packages/n-able-arduino/tools/gcc-arm-none-eabi/10.3.1-2.1/bin/../lib/gcc/arm-none-eabi/10.3.1/thumb/v7e-m/nofp\libgcc.a(unwind-arm.o)
 .ARM.exidx.text.__gnu_Unwind_Resume
                0x0000000000005ca8        0x8 c:/users/minec/appdata/local/arduino15/packages/n-able-arduino/tools/gcc-arm-none-eabi/10.3.1-2.1/bin/../lib/gcc/arm-none-eabi/10.3.1/thumb/v7e-m/nofp\libgcc.a(unwind-arm.o)
 .ARM.exidx.text.__gnu_Unwind_Resume_or_Rethrow
                0x0000000000005cb0        0x8 c:/users/minec/appdata/local/arduino15/packages/n-able-arduino/tools/gcc-arm-none-eabi/10.3.1-2.1/bin/../lib/gcc/arm-none-eabi/10.3.1/thumb/v7e-m/nofp\libgcc.a(unwind-arm.o)
 .ARM.exidx.text._Unwind_VRS_Get
                0x0000000000005cb8        0x0 c:/users/minec/appdata/local/arduino15/packages/n-able-arduino/tools/gcc-arm-none-eabi/10.3.1-2.1/bin/../lib/gcc/arm-none-eabi/10.3.1/thumb/v7e-m/nofp\libgcc.a(unwind-arm.o)
                                          0x8 (size before relaxing)
 .ARM.exidx.text._Unwind_GetGR
                0x0000000000005cb8        0x0 c:/users/minec/appdata/local/arduino15/packages/n-able-arduino/tools/gcc-arm-none-eabi/10.3.1-2.1/bin/../lib/gcc/arm-none-eabi/10.3.1/thumb/v7e-m/nofp\libgcc.a(unwind-arm.o)
                                          0x8 (size before relaxing)
 .ARM.exidx.text._Unwind_VRS_Set
                0x0000000000005cb8        0x0 c:/users/minec/appdata/local/arduino15/packages/n-able-arduino/tools/gcc-arm-none-eabi/10.3.1-2.1/bin/../lib/gcc/arm-none-eabi/10.3.1/thumb/v7e-m/nofp\libgcc.a(unwind-arm.o)
                                          0x8 (size before relaxing)
 .ARM.exidx.text._Unwind_SetGR
                0x0000000000005cb8        0x0 c:/users/minec/appdata/local/arduino15/packages/n-able-arduino/tools/gcc-arm-none-eabi/10.3.1-2.1/bin/../lib/gcc/arm-none-eabi/10.3.1/thumb/v7e-m/nofp\libgcc.a(unwind-arm.o)
                                          0x8 (size before relaxing)
 .ARM.exidx.text.__gnu_Unwind_Backtrace
                0x0000000000005cb8        0x8 c:/users/minec/appdata/local/arduino15/packages/n-able-arduino/tools/gcc-arm-none-eabi/10.3.1-2.1/bin/../lib/gcc/arm-none-eabi/10.3.1/thumb/v7e-m/nofp\libgcc.a(unwind-arm.o)
 .ARM.exidx.text.__gnu_unwind_pr_common
                0x0000000000005cc0        0x8 c:/users/minec/appdata/local/arduino15/packages/n-able-arduino/tools/gcc-arm-none-eabi/10.3.1-2.1/bin/../lib/gcc/arm-none-eabi/10.3.1/thumb/v7e-m/nofp\libgcc.a(unwind-arm.o)
 .ARM.exidx.text.__aeabi_unwind_cpp_pr0
                0x0000000000005cc8        0x8 c:/users/minec/appdata/local/arduino15/packages/n-able-arduino/tools/gcc-arm-none-eabi/10.3.1-2.1/bin/../lib/gcc/arm-none-eabi/10.3.1/thumb/v7e-m/nofp\libgcc.a(unwind-arm.o)
 .ARM.exidx.text.__aeabi_unwind_cpp_pr1
                0x0000000000005cd0        0x0 c:/users/minec/appdata/local/arduino15/packages/n-able-arduino/tools/gcc-arm-none-eabi/10.3.1-2.1/bin/../lib/gcc/arm-none-eabi/10.3.1/thumb/v7e-m/nofp\libgcc.a(unwind-arm.o)
                                          0x8 (size before relaxing)
 .ARM.exidx.text.__aeabi_unwind_cpp_pr2
                0x0000000000005cd0        0x0 c:/users/minec/appdata/local/arduino15/packages/n-able-arduino/tools/gcc-arm-none-eabi/10.3.1-2.1/bin/../lib/gcc/arm-none-eabi/10.3.1/thumb/v7e-m/nofp\libgcc.a(unwind-arm.o)
                                          0x8 (size before relaxing)
 .ARM.exidx.text._Unwind_VRS_Pop
                0x0000000000005cd0       0x10 c:/users/minec/appdata/local/arduino15/packages/n-able-arduino/tools/gcc-arm-none-eabi/10.3.1-2.1/bin/../lib/gcc/arm-none-eabi/10.3.1/thumb/v7e-m/nofp\libgcc.a(unwind-arm.o)
                                          0x8 (size before relaxing)
 .ARM.exidx.text.next_unwind_byte
                0x0000000000005ce0        0x0 c:/users/minec/appdata/local/arduino15/packages/n-able-arduino/tools/gcc-arm-none-eabi/10.3.1-2.1/bin/../lib/gcc/arm-none-eabi/10.3.1/thumb/v7e-m/nofp\libgcc.a(pr-support.o)
                                          0x8 (size before relaxing)
 .ARM.exidx.text.__gnu_unwind_execute
                0x0000000000005ce0       0x10 c:/users/minec/appdata/local/arduino15/packages/n-able-arduino/tools/gcc-arm-none-eabi/10.3.1-2.1/bin/../lib/gcc/arm-none-eabi/10.3.1/thumb/v7e-m/nofp\libgcc.a(pr-support.o)
                                          0x8 (size before relaxing)
 .ARM.exidx.text._getpid
                0x0000000000005cf0        0x0 c:/users/minec/appdata/local/arduino15/packages/n-able-arduino/tools/gcc-arm-none-eabi/10.3.1-2.1/bin/../lib/gcc/arm-none-eabi/10.3.1/../../../../arm-none-eabi/lib/thumb/v7e-m/nofp\libnosys.a(getpid.o)
                                          0x8 (size before relaxing)
 .ARM.exidx.text._kill
                0x0000000000005cf0        0x0 c:/users/minec/appdata/local/arduino15/packages/n-able-arduino/tools/gcc-arm-none-eabi/10.3.1-2.1/bin/../lib/gcc/arm-none-eabi/10.3.1/../../../../arm-none-eabi/lib/thumb/v7e-m/nofp\libnosys.a(kill.o)
                                          0x8 (size before relaxing)
 .ARM.exidx.text._exit
                0x0000000000005cf0        0x0 c:/users/minec/appdata/local/arduino15/packages/n-able-arduino/tools/gcc-arm-none-eabi/10.3.1-2.1/bin/../lib/gcc/arm-none-eabi/10.3.1/../../../../arm-none-eabi/lib/thumb/v7e-m/nofp\libnosys.a(_exit.o)
                                          0x8 (size before relaxing)
                0x0000000000005cf0                __exidx_end = .

.rel.dyn        0x0000000000005cf0        0x0
 .rel.iplt      0x0000000000005cf0        0x0 c:/users/minec/appdata/local/arduino15/packages/n-able-arduino/tools/gcc-arm-none-eabi/10.3.1-2.1/bin/../lib/gcc/arm-none-eabi/10.3.1/thumb/v7e-m/nofp/crtbegin.o
                0x0000000000005cf0                . = ALIGN (0x4)
                0x0000000000005cf0                __etext = .

.data           0x0000000020000000       0x80 load address 0x0000000000005cf0
                0x0000000020000000                __data_start__ = .
 *(vtable)
 *(.data*)
 .data.__dso_handle
                0x0000000020000000        0x4 c:/users/minec/appdata/local/arduino15/packages/n-able-arduino/tools/gcc-arm-none-eabi/10.3.1-2.1/bin/../lib/gcc/arm-none-eabi/10.3.1/thumb/v7e-m/nofp/crtbegin.o
                0x0000000020000000                __dso_handle
 .data.uxTopUsedPriority
                0x0000000020000004        0x4 C:\Users\minec\AppData\Local\arduino\sketches\CBAA8D2BDA3D583126B4F168E555FB8A/..\..\cores\69cc2d20a9c0859fc6838a3a84e0426a\core.a(tasks.c.o)
                0x0000000020000004                uxTopUsedPriority
 .data.SystemCoreClock
                0x0000000020000008        0x4 C:\Users\minec\AppData\Local\arduino\sketches\CBAA8D2BDA3D583126B4F168E555FB8A/..\..\cores\69cc2d20a9c0859fc6838a3a84e0426a\core.a(system_nrf52810.c.o)
                0x0000000020000008                SystemCoreClock
 .data._impure_ptr
                0x000000002000000c        0x4 c:/users/minec/appdata/local/arduino15/packages/n-able-arduino/tools/gcc-arm-none-eabi/10.3.1-2.1/bin/../lib/gcc/arm-none-eabi/10.3.1/../../../../arm-none-eabi/lib/thumb/v7e-m/nofp\libc_nano.a(lib_a-impure.o)
                0x000000002000000c                _impure_ptr
 .data.impure_data
                0x0000000020000010       0x60 c:/users/minec/appdata/local/arduino15/packages/n-able-arduino/tools/gcc-arm-none-eabi/10.3.1-2.1/bin/../lib/gcc/arm-none-eabi/10.3.1/../../../../arm-none-eabi/lib/thumb/v7e-m/nofp\libc_nano.a(lib_a-impure.o)
                0x0000000020000070                . = ALIGN (0x4)
                0x0000000020000070                PROVIDE (__preinit_array_start = .)
 *(.preinit_array)
                0x0000000020000070                PROVIDE (__preinit_array_end = .)
                0x0000000020000070                . = ALIGN (0x4)
                0x0000000020000070                PROVIDE (__init_array_start = .)
 *(SORT_BY_NAME(.init_array.*))
 *(.init_array)
 .init_array    0x0000000020000070        0x4 c:/users/minec/appdata/local/arduino15/packages/n-able-arduino/tools/gcc-arm-none-eabi/10.3.1-2.1/bin/../lib/gcc/arm-none-eabi/10.3.1/thumb/v7e-m/nofp/crtbegin.o
 .init_array    0x0000000020000074        0x4 C:\Users\minec\AppData\Local\arduino\sketches\CBAA8D2BDA3D583126B4F168E555FB8A/..\..\cores\69cc2d20a9c0859fc6838a3a84e0426a\core.a(rtos.cpp.o)
 .init_array    0x0000000020000078        0x4 C:\Users\minec\AppData\Local\arduino\sketches\CBAA8D2BDA3D583126B4F168E555FB8A/..\..\cores\69cc2d20a9c0859fc6838a3a84e0426a\core.a(Uart.cpp.o)
                0x000000002000007c                PROVIDE (__init_array_end = .)
                0x000000002000007c                . = ALIGN (0x4)
                [!provide]                        PROVIDE (__fini_array_start = .)
 *(SORT_BY_NAME(.fini_array.*))
 *(.fini_array)
 .fini_array    0x000000002000007c        0x4 c:/users/minec/appdata/local/arduino15/packages/n-able-arduino/tools/gcc-arm-none-eabi/10.3.1-2.1/bin/../lib/gcc/arm-none-eabi/10.3.1/thumb/v7e-m/nofp/crtbegin.o
                [!provide]                        PROVIDE (__fini_array_end = .)
 *(.jcr*)
                0x0000000020000080                . = ALIGN (0x4)
                0x0000000020000080                __data_end__ = .

.igot.plt       0x0000000020000080        0x0 load address 0x0000000000005d70
 .igot.plt      0x0000000020000080        0x0 c:/users/minec/appdata/local/arduino15/packages/n-able-arduino/tools/gcc-arm-none-eabi/10.3.1-2.1/bin/../lib/gcc/arm-none-eabi/10.3.1/thumb/v7e-m/nofp/crtbegin.o

.bss            0x0000000020000080     0x1320 load address 0x0000000000005d70
                0x0000000020000080                . = ALIGN (0x4)
                0x0000000020000080                __bss_start__ = .
 *(.bss*)
 .bss.completed.1
                0x0000000020000080        0x1 c:/users/minec/appdata/local/arduino15/packages/n-able-arduino/tools/gcc-arm-none-eabi/10.3.1-2.1/bin/../lib/gcc/arm-none-eabi/10.3.1/thumb/v7e-m/nofp/crtbegin.o
 *fill*         0x0000000020000081        0x3 
 .bss.object.0  0x0000000020000084       0x18 c:/users/minec/appdata/local/arduino15/packages/n-able-arduino/tools/gcc-arm-none-eabi/10.3.1-2.1/bin/../lib/gcc/arm-none-eabi/10.3.1/thumb/v7e-m/nofp/crtbegin.o
 .bss.pxCurrentTCB
                0x000000002000009c        0x4 C:\Users\minec\AppData\Local\arduino\sketches\CBAA8D2BDA3D583126B4F168E555FB8A/..\..\cores\69cc2d20a9c0859fc6838a3a84e0426a\core.a(tasks.c.o)
                0x000000002000009c                pxCurrentTCB
 .bss.pxDelayedTaskList
                0x00000000200000a0        0x4 C:\Users\minec\AppData\Local\arduino\sketches\CBAA8D2BDA3D583126B4F168E555FB8A/..\..\cores\69cc2d20a9c0859fc6838a3a84e0426a\core.a(tasks.c.o)
 .bss.pxOverflowDelayedTaskList
                0x00000000200000a4        0x4 C:\Users\minec\AppData\Local\arduino\sketches\CBAA8D2BDA3D583126B4F168E555FB8A/..\..\cores\69cc2d20a9c0859fc6838a3a84e0426a\core.a(tasks.c.o)
 .bss.pxReadyTasksLists
                0x00000000200000a8       0x64 C:\Users\minec\AppData\Local\arduino\sketches\CBAA8D2BDA3D583126B4F168E555FB8A/..\..\cores\69cc2d20a9c0859fc6838a3a84e0426a\core.a(tasks.c.o)
 .bss.uxCurrentNumberOfTasks
                0x000000002000010c        0x4 C:\Users\minec\AppData\Local\arduino\sketches\CBAA8D2BDA3D583126B4F168E555FB8A/..\..\cores\69cc2d20a9c0859fc6838a3a84e0426a\core.a(tasks.c.o)
 .bss.uxDeletedTasksWaitingCleanUp
                0x0000000020000110        0x4 C:\Users\minec\AppData\Local\arduino\sketches\CBAA8D2BDA3D583126B4F168E555FB8A/..\..\cores\69cc2d20a9c0859fc6838a3a84e0426a\core.a(tasks.c.o)
 .bss.uxSchedulerSuspended
                0x0000000020000114        0x4 C:\Users\minec\AppData\Local\arduino\sketches\CBAA8D2BDA3D583126B4F168E555FB8A/..\..\cores\69cc2d20a9c0859fc6838a3a84e0426a\core.a(tasks.c.o)
 .bss.uxTaskNumber
                0x0000000020000118        0x4 C:\Users\minec\AppData\Local\arduino\sketches\CBAA8D2BDA3D583126B4F168E555FB8A/..\..\cores\69cc2d20a9c0859fc6838a3a84e0426a\core.a(tasks.c.o)
 .bss.uxTopReadyPriority
                0x000000002000011c        0x4 C:\Users\minec\AppData\Local\arduino\sketches\CBAA8D2BDA3D583126B4F168E555FB8A/..\..\cores\69cc2d20a9c0859fc6838a3a84e0426a\core.a(tasks.c.o)
 .bss.xDelayedTaskList1
                0x0000000020000120       0x14 C:\Users\minec\AppData\Local\arduino\sketches\CBAA8D2BDA3D583126B4F168E555FB8A/..\..\cores\69cc2d20a9c0859fc6838a3a84e0426a\core.a(tasks.c.o)
 .bss.xDelayedTaskList2
                0x0000000020000134       0x14 C:\Users\minec\AppData\Local\arduino\sketches\CBAA8D2BDA3D583126B4F168E555FB8A/..\..\cores\69cc2d20a9c0859fc6838a3a84e0426a\core.a(tasks.c.o)
 .bss.xIdleTaskHandle
                0x0000000020000148        0x4 C:\Users\minec\AppData\Local\arduino\sketches\CBAA8D2BDA3D583126B4F168E555FB8A/..\..\cores\69cc2d20a9c0859fc6838a3a84e0426a\core.a(tasks.c.o)
 .bss.xNextTaskUnblockTime
                0x000000002000014c        0x4 C:\Users\minec\AppData\Local\arduino\sketches\CBAA8D2BDA3D583126B4F168E555FB8A/..\..\cores\69cc2d20a9c0859fc6838a3a84e0426a\core.a(tasks.c.o)
 .bss.xNumOfOverflows
                0x0000000020000150        0x4 C:\Users\minec\AppData\Local\arduino\sketches\CBAA8D2BDA3D583126B4F168E555FB8A/..\..\cores\69cc2d20a9c0859fc6838a3a84e0426a\core.a(tasks.c.o)
 .bss.xPendedTicks
                0x0000000020000154        0x4 C:\Users\minec\AppData\Local\arduino\sketches\CBAA8D2BDA3D583126B4F168E555FB8A/..\..\cores\69cc2d20a9c0859fc6838a3a84e0426a\core.a(tasks.c.o)
 .bss.xPendingReadyList
                0x0000000020000158       0x14 C:\Users\minec\AppData\Local\arduino\sketches\CBAA8D2BDA3D583126B4F168E555FB8A/..\..\cores\69cc2d20a9c0859fc6838a3a84e0426a\core.a(tasks.c.o)
 .bss.xSchedulerRunning
                0x000000002000016c        0x4 C:\Users\minec\AppData\Local\arduino\sketches\CBAA8D2BDA3D583126B4F168E555FB8A/..\..\cores\69cc2d20a9c0859fc6838a3a84e0426a\core.a(tasks.c.o)
 .bss.xSuspendedTaskList
                0x0000000020000170       0x14 C:\Users\minec\AppData\Local\arduino\sketches\CBAA8D2BDA3D583126B4F168E555FB8A/..\..\cores\69cc2d20a9c0859fc6838a3a84e0426a\core.a(tasks.c.o)
 .bss.xTasksWaitingTermination
                0x0000000020000184       0x14 C:\Users\minec\AppData\Local\arduino\sketches\CBAA8D2BDA3D583126B4F168E555FB8A/..\..\cores\69cc2d20a9c0859fc6838a3a84e0426a\core.a(tasks.c.o)
 .bss.xTickCount
                0x0000000020000198        0x4 C:\Users\minec\AppData\Local\arduino\sketches\CBAA8D2BDA3D583126B4F168E555FB8A/..\..\cores\69cc2d20a9c0859fc6838a3a84e0426a\core.a(tasks.c.o)
 .bss.xYieldPending
                0x000000002000019c        0x4 C:\Users\minec\AppData\Local\arduino\sketches\CBAA8D2BDA3D583126B4F168E555FB8A/..\..\cores\69cc2d20a9c0859fc6838a3a84e0426a\core.a(tasks.c.o)
 .bss.pxCurrentTimerList
                0x00000000200001a0        0x4 C:\Users\minec\AppData\Local\arduino\sketches\CBAA8D2BDA3D583126B4F168E555FB8A/..\..\cores\69cc2d20a9c0859fc6838a3a84e0426a\core.a(timers.c.o)
 .bss.pxOverflowTimerList
                0x00000000200001a4        0x4 C:\Users\minec\AppData\Local\arduino\sketches\CBAA8D2BDA3D583126B4F168E555FB8A/..\..\cores\69cc2d20a9c0859fc6838a3a84e0426a\core.a(timers.c.o)
 .bss.ucStaticTimerQueueStorage.1
                0x00000000200001a8      0x200 C:\Users\minec\AppData\Local\arduino\sketches\CBAA8D2BDA3D583126B4F168E555FB8A/..\..\cores\69cc2d20a9c0859fc6838a3a84e0426a\core.a(timers.c.o)
 .bss.xActiveTimerList1
                0x00000000200003a8       0x14 C:\Users\minec\AppData\Local\arduino\sketches\CBAA8D2BDA3D583126B4F168E555FB8A/..\..\cores\69cc2d20a9c0859fc6838a3a84e0426a\core.a(timers.c.o)
 .bss.xActiveTimerList2
                0x00000000200003bc       0x14 C:\Users\minec\AppData\Local\arduino\sketches\CBAA8D2BDA3D583126B4F168E555FB8A/..\..\cores\69cc2d20a9c0859fc6838a3a84e0426a\core.a(timers.c.o)
 .bss.xLastTime.2
                0x00000000200003d0        0x4 C:\Users\minec\AppData\Local\arduino\sketches\CBAA8D2BDA3D583126B4F168E555FB8A/..\..\cores\69cc2d20a9c0859fc6838a3a84e0426a\core.a(timers.c.o)
 .bss.xStaticTimerQueue.0
                0x00000000200003d4       0x48 C:\Users\minec\AppData\Local\arduino\sketches\CBAA8D2BDA3D583126B4F168E555FB8A/..\..\cores\69cc2d20a9c0859fc6838a3a84e0426a\core.a(timers.c.o)
 .bss.xTimerQueue
                0x000000002000041c        0x4 C:\Users\minec\AppData\Local\arduino\sketches\CBAA8D2BDA3D583126B4F168E555FB8A/..\..\cores\69cc2d20a9c0859fc6838a3a84e0426a\core.a(timers.c.o)
 .bss.xTimerTaskHandle
                0x0000000020000420        0x4 C:\Users\minec\AppData\Local\arduino\sketches\CBAA8D2BDA3D583126B4F168E555FB8A/..\..\cores\69cc2d20a9c0859fc6838a3a84e0426a\core.a(timers.c.o)
 .bss._ZL10_mainStack
                0x0000000020000424      0x800 C:\Users\minec\AppData\Local\arduino\sketches\CBAA8D2BDA3D583126B4F168E555FB8A/..\..\cores\69cc2d20a9c0859fc6838a3a84e0426a\core.a(main.cpp.o)
 .bss._ZL15_loopTaskHandle
                0x0000000020000c24        0x4 C:\Users\minec\AppData\Local\arduino\sketches\CBAA8D2BDA3D583126B4F168E555FB8A/..\..\cores\69cc2d20a9c0859fc6838a3a84e0426a\core.a(main.cpp.o)
 .bss._ZL15_mainTaskBuffer
                0x0000000020000c28       0x50 C:\Users\minec\AppData\Local\arduino\sketches\CBAA8D2BDA3D583126B4F168E555FB8A/..\..\cores\69cc2d20a9c0859fc6838a3a84e0426a\core.a(main.cpp.o)
 .bss.RTOS      0x0000000020000c78        0x1 C:\Users\minec\AppData\Local\arduino\sketches\CBAA8D2BDA3D583126B4F168E555FB8A/..\..\cores\69cc2d20a9c0859fc6838a3a84e0426a\core.a(rtos.cpp.o)
                0x0000000020000c78                RTOS
 *fill*         0x0000000020000c79        0x3 
 .bss._resetReason
                0x0000000020000c7c        0x4 C:\Users\minec\AppData\Local\arduino\sketches\CBAA8D2BDA3D583126B4F168E555FB8A/..\..\cores\69cc2d20a9c0859fc6838a3a84e0426a\core.a(wiring.c.o)
 .bss.Serial    0x0000000020000c80       0x64 C:\Users\minec\AppData\Local\arduino\sketches\CBAA8D2BDA3D583126B4F168E555FB8A/..\..\cores\69cc2d20a9c0859fc6838a3a84e0426a\core.a(Uart.cpp.o)
                0x0000000020000c80                Serial
 .bss.pxEnd     0x0000000020000ce4        0x4 C:\Users\minec\AppData\Local\arduino\sketches\CBAA8D2BDA3D583126B4F168E555FB8A/..\..\cores\69cc2d20a9c0859fc6838a3a84e0426a\core.a(heap_4.c.o)